# serializer version: 1
# name: test_multimidas_data
  dict({
    'date': list([
      Timestamp('2023-12-31 00:00:00'),
      Timestamp('2024-03-31 00:00:00'),
      Timestamp('2024-03-31 00:00:00'),
      Timestamp('2024-03-31 00:00:00'),
      Timestamp('2024-06-30 00:00:00'),
      Timestamp('2024-06-30 00:00:00'),
    ]),
    'forecast_horizon': list([
      0,
      0,
      0,
      0,
      0,
      0,
    ]),
    'frequency': list([
      'Q',
      'Q',
      'Q',
      'Q',
      'Q',
      'Q',
    ]),
    'metric': list([
      'pop',
      'pop',
      'pop',
      'pop',
      'pop',
      'pop',
    ]),
    'source': list([
      'ForecastMultiMIDAS',
      'ForecastMultiMIDAS',
      'ForecastMultiMIDAS',
      'ForecastMultiMIDAS',
      'ForecastMultiMIDAS',
      'ForecastMultiMIDAS',
    ]),
    'target_minus_vintage': list([
      -1,
      0,
      0,
      -1,
      0,
      0,
    ]),
    'unique_id': list([
      'ForecastMultiMIDAS',
      'ForecastMultiMIDAS',
      'ForecastMultiMIDAS',
      'ForecastMultiMIDAS',
      'ForecastMultiMIDAS',
      'ForecastMultiMIDAS',
    ]),
    'value': list([
      -1.396729,
      -1.244378,
      -0.987939,
      -1.157854,
      -1.460758,
      -1.533624,
    ]),
    'variable': list([
      'var_quarterly_a',
      'var_quarterly_a',
      'var_quarterly_a',
      'var_quarterly_a',
      'var_quarterly_a',
      'var_quarterly_a',
    ]),
    'vintage_date': list([
      Timestamp('2024-01-31 00:00:00'),
      Timestamp('2024-02-29 00:00:00'),
      Timestamp('2024-03-31 00:00:00'),
      Timestamp('2024-04-30 00:00:00'),
      Timestamp('2024-05-31 00:00:00'),
      Timestamp('2024-06-30 00:00:00'),
    ]),
  })
# ---
# name: test_multimidas_data_decomposition
  dict({
    'base_vintage_date': list([
      NaT,
      NaT,
      NaT,
      NaT,
      Timestamp('2024-01-31 00:00:00'),
      Timestamp('2024-01-31 00:00:00'),
      Timestamp('2024-01-31 00:00:00'),
      Timestamp('2024-01-31 00:00:00'),
      Timestamp('2024-01-31 00:00:00'),
      Timestamp('2024-01-31 00:00:00'),
      Timestamp('2024-01-31 00:00:00'),
      Timestamp('2024-01-31 00:00:00'),
      Timestamp('2024-01-31 00:00:00'),
      Timestamp('2024-01-31 00:00:00'),
      Timestamp('2024-01-31 00:00:00'),
      Timestamp('2024-01-31 00:00:00'),
      NaT,
      Timestamp('2024-01-31 00:00:00'),
      Timestamp('2024-01-31 00:00:00'),
      Timestamp('2024-01-31 00:00:00'),
      NaT,
      Timestamp('2024-01-31 00:00:00'),
      Timestamp('2024-01-31 00:00:00'),
      Timestamp('2024-01-31 00:00:00'),
      NaT,
      Timestamp('2024-01-31 00:00:00'),
      Timestamp('2024-01-31 00:00:00'),
      Timestamp('2024-01-31 00:00:00'),
      NaT,
      Timestamp('2024-01-31 00:00:00'),
      Timestamp('2024-01-31 00:00:00'),
      Timestamp('2024-01-31 00:00:00'),
      NaT,
      Timestamp('2024-02-29 00:00:00'),
      Timestamp('2024-02-29 00:00:00'),
      Timestamp('2024-02-29 00:00:00'),
      NaT,
      Timestamp('2024-02-29 00:00:00'),
      Timestamp('2024-02-29 00:00:00'),
      Timestamp('2024-02-29 00:00:00'),
      NaT,
      Timestamp('2024-02-29 00:00:00'),
      Timestamp('2024-02-29 00:00:00'),
      Timestamp('2024-02-29 00:00:00'),
      NaT,
      Timestamp('2024-02-29 00:00:00'),
      Timestamp('2024-02-29 00:00:00'),
      Timestamp('2024-02-29 00:00:00'),
      NaT,
      Timestamp('2024-03-31 00:00:00'),
      Timestamp('2024-03-31 00:00:00'),
      Timestamp('2024-03-31 00:00:00'),
      NaT,
      Timestamp('2024-03-31 00:00:00'),
      Timestamp('2024-03-31 00:00:00'),
      Timestamp('2024-03-31 00:00:00'),
      NaT,
      Timestamp('2024-03-31 00:00:00'),
      Timestamp('2024-03-31 00:00:00'),
      Timestamp('2024-03-31 00:00:00'),
      NaT,
      Timestamp('2024-03-31 00:00:00'),
      Timestamp('2024-03-31 00:00:00'),
      Timestamp('2024-03-31 00:00:00'),
      Timestamp('2024-04-30 00:00:00'),
      Timestamp('2024-04-30 00:00:00'),
      Timestamp('2024-04-30 00:00:00'),
      Timestamp('2024-04-30 00:00:00'),
      Timestamp('2024-04-30 00:00:00'),
      Timestamp('2024-04-30 00:00:00'),
      Timestamp('2024-04-30 00:00:00'),
      Timestamp('2024-04-30 00:00:00'),
      Timestamp('2024-04-30 00:00:00'),
      Timestamp('2024-04-30 00:00:00'),
      Timestamp('2024-04-30 00:00:00'),
      Timestamp('2024-04-30 00:00:00'),
      NaT,
      Timestamp('2024-04-30 00:00:00'),
      Timestamp('2024-04-30 00:00:00'),
      Timestamp('2024-04-30 00:00:00'),
      NaT,
      Timestamp('2024-04-30 00:00:00'),
      Timestamp('2024-04-30 00:00:00'),
      Timestamp('2024-04-30 00:00:00'),
      NaT,
      Timestamp('2024-04-30 00:00:00'),
      Timestamp('2024-04-30 00:00:00'),
      Timestamp('2024-04-30 00:00:00'),
      NaT,
      Timestamp('2024-04-30 00:00:00'),
      Timestamp('2024-04-30 00:00:00'),
      Timestamp('2024-04-30 00:00:00'),
      NaT,
      Timestamp('2024-05-31 00:00:00'),
      Timestamp('2024-05-31 00:00:00'),
      Timestamp('2024-05-31 00:00:00'),
      NaT,
      Timestamp('2024-05-31 00:00:00'),
      Timestamp('2024-05-31 00:00:00'),
      Timestamp('2024-05-31 00:00:00'),
      NaT,
      Timestamp('2024-05-31 00:00:00'),
      Timestamp('2024-05-31 00:00:00'),
      Timestamp('2024-05-31 00:00:00'),
      NaT,
      Timestamp('2024-05-31 00:00:00'),
      Timestamp('2024-05-31 00:00:00'),
      Timestamp('2024-05-31 00:00:00'),
    ]),
    'component': list([
      'ar_lag1',
      'intercept',
      'var_monthly_a',
      'var_monthly_b',
      'ar_lag1',
      'ar_lag1',
      'ar_lag1',
      'intercept',
      'intercept',
      'intercept',
      'var_monthly_a',
      'var_monthly_a',
      'var_monthly_a',
      'var_monthly_b',
      'var_monthly_b',
      'var_monthly_b',
      'ar_lag1',
      'ar_lag1',
      'ar_lag1',
      'ar_lag1',
      'intercept',
      'intercept',
      'intercept',
      'intercept',
      'var_monthly_a',
      'var_monthly_a',
      'var_monthly_a',
      'var_monthly_a',
      'var_monthly_b',
      'var_monthly_b',
      'var_monthly_b',
      'var_monthly_b',
      'ar_lag1',
      'ar_lag1',
      'ar_lag1',
      'ar_lag1',
      'intercept',
      'intercept',
      'intercept',
      'intercept',
      'var_monthly_a',
      'var_monthly_a',
      'var_monthly_a',
      'var_monthly_a',
      'var_monthly_b',
      'var_monthly_b',
      'var_monthly_b',
      'var_monthly_b',
      'ar_lag1',
      'ar_lag1',
      'ar_lag1',
      'ar_lag1',
      'intercept',
      'intercept',
      'intercept',
      'intercept',
      'var_monthly_a',
      'var_monthly_a',
      'var_monthly_a',
      'var_monthly_a',
      'var_monthly_b',
      'var_monthly_b',
      'var_monthly_b',
      'var_monthly_b',
      'ar_lag1',
      'ar_lag1',
      'ar_lag1',
      'intercept',
      'intercept',
      'intercept',
      'var_monthly_a',
      'var_monthly_a',
      'var_monthly_a',
      'var_monthly_b',
      'var_monthly_b',
      'var_monthly_b',
      'ar_lag1',
      'ar_lag1',
      'ar_lag1',
      'ar_lag1',
      'intercept',
      'intercept',
      'intercept',
      'intercept',
      'var_monthly_a',
      'var_monthly_a',
      'var_monthly_a',
      'var_monthly_a',
      'var_monthly_b',
      'var_monthly_b',
      'var_monthly_b',
      'var_monthly_b',
      'ar_lag1',
      'ar_lag1',
      'ar_lag1',
      'ar_lag1',
      'intercept',
      'intercept',
      'intercept',
      'intercept',
      'var_monthly_a',
      'var_monthly_a',
      'var_monthly_a',
      'var_monthly_a',
      'var_monthly_b',
      'var_monthly_b',
      'var_monthly_b',
      'var_monthly_b',
    ]),
    'contribution': list([
      -1.513136,
      0.045406,
      -0.118226,
      0.189226,
      1.513136,
      -0.055584,
      0.055584,
      -0.045406,
      -0.073622,
      0.073622,
      0.118226,
      0.262769,
      -0.262769,
      -0.189226,
      -0.273741,
      0.273741,
      -1.56872,
      -1.513136,
      0.0,
      -0.055584,
      -0.028216,
      0.045406,
      0.0,
      -0.073622,
      0.340605,
      -0.705043,
      0.0,
      1.045648,
      0.011953,
      0.111729,
      0.0,
      -0.099776,
      -1.636123,
      0.0,
      -0.067403,
      0.0,
      -0.0041,
      0.0,
      0.024116,
      0.0,
      0.594298,
      -0.054743,
      0.415291,
      -0.106855,
      0.057985,
      0.096183,
      0.171531,
      -0.221682,
      -1.252306,
      0.0,
      0.383817,
      0.0,
      0.017023,
      0.0,
      0.021123,
      0.0,
      0.229887,
      -0.753617,
      -0.902373,
      1.291578,
      -0.152458,
      -0.28346,
      -0.141208,
      0.214225,
      1.252306,
      -0.053424,
      0.053424,
      -0.017023,
      -0.079252,
      0.079252,
      -0.229887,
      -0.273596,
      0.273596,
      0.152458,
      0.172979,
      -0.172979,
      -1.30573,
      -1.252306,
      0.0,
      -0.053424,
      -0.062229,
      0.017023,
      0.0,
      -0.079252,
      -0.053298,
      -0.101285,
      0.0,
      0.047987,
      -0.0395,
      -0.059122,
      0.0,
      0.019622,
      -1.358972,
      0.0,
      -0.053242,
      0.0,
      -0.052944,
      0.0,
      0.009285,
      0.0,
      0.06838,
      0.082111,
      -0.005571,
      0.045137,
      -0.190088,
      -0.003194,
      -0.075599,
      -0.071794,
    ]),
    'date': list([
      Timestamp('2023-12-31 00:00:00'),
      Timestamp('2023-12-31 00:00:00'),
      Timestamp('2023-12-31 00:00:00'),
      Timestamp('2023-12-31 00:00:00'),
      Timestamp('2023-12-31 00:00:00'),
      Timestamp('2023-12-31 00:00:00'),
      Timestamp('2023-12-31 00:00:00'),
      Timestamp('2023-12-31 00:00:00'),
      Timestamp('2023-12-31 00:00:00'),
      Timestamp('2023-12-31 00:00:00'),
      Timestamp('2023-12-31 00:00:00'),
      Timestamp('2023-12-31 00:00:00'),
      Timestamp('2023-12-31 00:00:00'),
      Timestamp('2023-12-31 00:00:00'),
      Timestamp('2023-12-31 00:00:00'),
      Timestamp('2023-12-31 00:00:00'),
      Timestamp('2024-03-31 00:00:00'),
      Timestamp('2024-03-31 00:00:00'),
      Timestamp('2024-03-31 00:00:00'),
      Timestamp('2024-03-31 00:00:00'),
      Timestamp('2024-03-31 00:00:00'),
      Timestamp('2024-03-31 00:00:00'),
      Timestamp('2024-03-31 00:00:00'),
      Timestamp('2024-03-31 00:00:00'),
      Timestamp('2024-03-31 00:00:00'),
      Timestamp('2024-03-31 00:00:00'),
      Timestamp('2024-03-31 00:00:00'),
      Timestamp('2024-03-31 00:00:00'),
      Timestamp('2024-03-31 00:00:00'),
      Timestamp('2024-03-31 00:00:00'),
      Timestamp('2024-03-31 00:00:00'),
      Timestamp('2024-03-31 00:00:00'),
      Timestamp('2024-03-31 00:00:00'),
      Timestamp('2024-03-31 00:00:00'),
      Timestamp('2024-03-31 00:00:00'),
      Timestamp('2024-03-31 00:00:00'),
      Timestamp('2024-03-31 00:00:00'),
      Timestamp('2024-03-31 00:00:00'),
      Timestamp('2024-03-31 00:00:00'),
      Timestamp('2024-03-31 00:00:00'),
      Timestamp('2024-03-31 00:00:00'),
      Timestamp('2024-03-31 00:00:00'),
      Timestamp('2024-03-31 00:00:00'),
      Timestamp('2024-03-31 00:00:00'),
      Timestamp('2024-03-31 00:00:00'),
      Timestamp('2024-03-31 00:00:00'),
      Timestamp('2024-03-31 00:00:00'),
      Timestamp('2024-03-31 00:00:00'),
      Timestamp('2024-03-31 00:00:00'),
      Timestamp('2024-03-31 00:00:00'),
      Timestamp('2024-03-31 00:00:00'),
      Timestamp('2024-03-31 00:00:00'),
      Timestamp('2024-03-31 00:00:00'),
      Timestamp('2024-03-31 00:00:00'),
      Timestamp('2024-03-31 00:00:00'),
      Timestamp('2024-03-31 00:00:00'),
      Timestamp('2024-03-31 00:00:00'),
      Timestamp('2024-03-31 00:00:00'),
      Timestamp('2024-03-31 00:00:00'),
      Timestamp('2024-03-31 00:00:00'),
      Timestamp('2024-03-31 00:00:00'),
      Timestamp('2024-03-31 00:00:00'),
      Timestamp('2024-03-31 00:00:00'),
      Timestamp('2024-03-31 00:00:00'),
      Timestamp('2024-03-31 00:00:00'),
      Timestamp('2024-03-31 00:00:00'),
      Timestamp('2024-03-31 00:00:00'),
      Timestamp('2024-03-31 00:00:00'),
      Timestamp('2024-03-31 00:00:00'),
      Timestamp('2024-03-31 00:00:00'),
      Timestamp('2024-03-31 00:00:00'),
      Timestamp('2024-03-31 00:00:00'),
      Timestamp('2024-03-31 00:00:00'),
      Timestamp('2024-03-31 00:00:00'),
      Timestamp('2024-03-31 00:00:00'),
      Timestamp('2024-03-31 00:00:00'),
      Timestamp('2024-06-30 00:00:00'),
      Timestamp('2024-06-30 00:00:00'),
      Timestamp('2024-06-30 00:00:00'),
      Timestamp('2024-06-30 00:00:00'),
      Timestamp('2024-06-30 00:00:00'),
      Timestamp('2024-06-30 00:00:00'),
      Timestamp('2024-06-30 00:00:00'),
      Timestamp('2024-06-30 00:00:00'),
      Timestamp('2024-06-30 00:00:00'),
      Timestamp('2024-06-30 00:00:00'),
      Timestamp('2024-06-30 00:00:00'),
      Timestamp('2024-06-30 00:00:00'),
      Timestamp('2024-06-30 00:00:00'),
      Timestamp('2024-06-30 00:00:00'),
      Timestamp('2024-06-30 00:00:00'),
      Timestamp('2024-06-30 00:00:00'),
      Timestamp('2024-06-30 00:00:00'),
      Timestamp('2024-06-30 00:00:00'),
      Timestamp('2024-06-30 00:00:00'),
      Timestamp('2024-06-30 00:00:00'),
      Timestamp('2024-06-30 00:00:00'),
      Timestamp('2024-06-30 00:00:00'),
      Timestamp('2024-06-30 00:00:00'),
      Timestamp('2024-06-30 00:00:00'),
      Timestamp('2024-06-30 00:00:00'),
      Timestamp('2024-06-30 00:00:00'),
      Timestamp('2024-06-30 00:00:00'),
      Timestamp('2024-06-30 00:00:00'),
      Timestamp('2024-06-30 00:00:00'),
      Timestamp('2024-06-30 00:00:00'),
      Timestamp('2024-06-30 00:00:00'),
      Timestamp('2024-06-30 00:00:00'),
    ]),
    'decomposition': list([
      'level',
      'level',
      'level',
      'level',
      'revision',
      'revision',
      'revision',
      'revision',
      'revision',
      'revision',
      'revision',
      'revision',
      'revision',
      'revision',
      'revision',
      'revision',
      'level',
      'revision',
      'revision',
      'revision',
      'level',
      'revision',
      'revision',
      'revision',
      'level',
      'revision',
      'revision',
      'revision',
      'level',
      'revision',
      'revision',
      'revision',
      'level',
      'revision',
      'revision',
      'revision',
      'level',
      'revision',
      'revision',
      'revision',
      'level',
      'revision',
      'revision',
      'revision',
      'level',
      'revision',
      'revision',
      'revision',
      'level',
      'revision',
      'revision',
      'revision',
      'level',
      'revision',
      'revision',
      'revision',
      'level',
      'revision',
      'revision',
      'revision',
      'level',
      'revision',
      'revision',
      'revision',
      'revision',
      'revision',
      'revision',
      'revision',
      'revision',
      'revision',
      'revision',
      'revision',
      'revision',
      'revision',
      'revision',
      'revision',
      'level',
      'revision',
      'revision',
      'revision',
      'level',
      'revision',
      'revision',
      'revision',
      'level',
      'revision',
      'revision',
      'revision',
      'level',
      'revision',
      'revision',
      'revision',
      'level',
      'revision',
      'revision',
      'revision',
      'level',
      'revision',
      'revision',
      'revision',
      'level',
      'revision',
      'revision',
      'revision',
      'level',
      'revision',
      'revision',
      'revision',
    ]),
    'forecast_horizon': list([
      0,
      0,
      0,
      0,
      0,
      0,
      0,
      0,
      0,
      0,
      0,
      0,
      0,
      0,
      0,
      0,
      0,
      0,
      0,
      0,
      0,
      0,
      0,
      0,
      0,
      0,
      0,
      0,
      0,
      0,
      0,
      0,
      0,
      0,
      0,
      0,
      0,
      0,
      0,
      0,
      0,
      0,
      0,
      0,
      0,
      0,
      0,
      0,
      0,
      0,
      0,
      0,
      0,
      0,
      0,
      0,
      0,
      0,
      0,
      0,
      0,
      0,
      0,
      0,
      0,
      0,
      0,
      0,
      0,
      0,
      0,
      0,
      0,
      0,
      0,
      0,
      0,
      0,
      0,
      0,
      0,
      0,
      0,
      0,
      0,
      0,
      0,
      0,
      0,
      0,
      0,
      0,
      0,
      0,
      0,
      0,
      0,
      0,
      0,
      0,
      0,
      0,
      0,
      0,
      0,
      0,
      0,
      0,
    ]),
    'forecast_metric': list([
      'pop',
      'pop',
      'pop',
      'pop',
      'pop',
      'pop',
      'pop',
      'pop',
      'pop',
      'pop',
      'pop',
      'pop',
      'pop',
      'pop',
      'pop',
      'pop',
      'pop',
      'pop',
      'pop',
      'pop',
      'pop',
      'pop',
      'pop',
      'pop',
      'pop',
      'pop',
      'pop',
      'pop',
      'pop',
      'pop',
      'pop',
      'pop',
      'pop',
      'pop',
      'pop',
      'pop',
      'pop',
      'pop',
      'pop',
      'pop',
      'pop',
      'pop',
      'pop',
      'pop',
      'pop',
      'pop',
      'pop',
      'pop',
      'pop',
      'pop',
      'pop',
      'pop',
      'pop',
      'pop',
      'pop',
      'pop',
      'pop',
      'pop',
      'pop',
      'pop',
      'pop',
      'pop',
      'pop',
      'pop',
      'pop',
      'pop',
      'pop',
      'pop',
      'pop',
      'pop',
      'pop',
      'pop',
      'pop',
      'pop',
      'pop',
      'pop',
      'pop',
      'pop',
      'pop',
      'pop',
      'pop',
      'pop',
      'pop',
      'pop',
      'pop',
      'pop',
      'pop',
      'pop',
      'pop',
      'pop',
      'pop',
      'pop',
      'pop',
      'pop',
      'pop',
      'pop',
      'pop',
      'pop',
      'pop',
      'pop',
      'pop',
      'pop',
      'pop',
      'pop',
      'pop',
      'pop',
      'pop',
      'pop',
    ]),
    'frequency': list([
      'Q',
      'Q',
      'Q',
      'Q',
      'Q',
      'Q',
      'Q',
      'Q',
      'Q',
      'Q',
      'Q',
      'Q',
      'Q',
      'Q',
      'Q',
      'Q',
      'Q',
      'Q',
      'Q',
      'Q',
      'Q',
      'Q',
      'Q',
      'Q',
      'Q',
      'Q',
      'Q',
      'Q',
      'Q',
      'Q',
      'Q',
      'Q',
      'Q',
      'Q',
      'Q',
      'Q',
      'Q',
      'Q',
      'Q',
      'Q',
      'Q',
      'Q',
      'Q',
      'Q',
      'Q',
      'Q',
      'Q',
      'Q',
      'Q',
      'Q',
      'Q',
      'Q',
      'Q',
      'Q',
      'Q',
      'Q',
      'Q',
      'Q',
      'Q',
      'Q',
      'Q',
      'Q',
      'Q',
      'Q',
      'Q',
      'Q',
      'Q',
      'Q',
      'Q',
      'Q',
      'Q',
      'Q',
      'Q',
      'Q',
      'Q',
      'Q',
      'Q',
      'Q',
      'Q',
      'Q',
      'Q',
      'Q',
      'Q',
      'Q',
      'Q',
      'Q',
      'Q',
      'Q',
      'Q',
      'Q',
      'Q',
      'Q',
      'Q',
      'Q',
      'Q',
      'Q',
      'Q',
      'Q',
      'Q',
      'Q',
      'Q',
      'Q',
      'Q',
      'Q',
      'Q',
      'Q',
      'Q',
      'Q',
    ]),
    'news': list([
      nan,
      nan,
      nan,
      nan,
      2.816932,
      -0.103479,
      0.103479,
      -0.045406,
      -0.073622,
      0.073622,
      nan,
      nan,
      nan,
      nan,
      nan,
      nan,
      nan,
      -2.71712,
      0.0,
      -0.099812,
      nan,
      0.045406,
      0.0,
      -0.073622,
      nan,
      nan,
      nan,
      nan,
      nan,
      nan,
      nan,
      nan,
      nan,
      0.0,
      -0.116049,
      0.0,
      nan,
      0.0,
      0.024116,
      0.0,
      nan,
      nan,
      nan,
      nan,
      nan,
      nan,
      nan,
      nan,
      nan,
      0.0,
      0.666816,
      0.0,
      nan,
      0.0,
      0.021123,
      0.0,
      nan,
      nan,
      nan,
      nan,
      nan,
      nan,
      nan,
      nan,
      2.175666,
      -0.092815,
      0.092815,
      -0.017023,
      -0.079252,
      0.079252,
      nan,
      nan,
      nan,
      nan,
      nan,
      nan,
      nan,
      -2.086649,
      0.0,
      -0.089017,
      nan,
      0.017023,
      0.0,
      -0.079252,
      nan,
      nan,
      nan,
      nan,
      nan,
      nan,
      nan,
      nan,
      nan,
      0.0,
      -0.085238,
      0.0,
      nan,
      0.0,
      0.009285,
      0.0,
      nan,
      nan,
      nan,
      nan,
      nan,
      nan,
      nan,
      nan,
    ]),
    'revision_source': list([
      None,
      None,
      None,
      None,
      'news',
      'reestimation',
      'interaction',
      'news',
      'reestimation',
      'interaction',
      'news',
      'reestimation',
      'interaction',
      'news',
      'reestimation',
      'interaction',
      None,
      'news',
      'reestimation',
      'interaction',
      None,
      'news',
      'reestimation',
      'interaction',
      None,
      'news',
      'reestimation',
      'interaction',
      None,
      'news',
      'reestimation',
      'interaction',
      None,
      'news',
      'reestimation',
      'interaction',
      None,
      'news',
      'reestimation',
      'interaction',
      None,
      'news',
      'reestimation',
      'interaction',
      None,
      'news',
      'reestimation',
      'interaction',
      None,
      'news',
      'reestimation',
      'interaction',
      None,
      'news',
      'reestimation',
      'interaction',
      None,
      'news',
      'reestimation',
      'interaction',
      None,
      'news',
      'reestimation',
      'interaction',
      'news',
      'reestimation',
      'interaction',
      'news',
      'reestimation',
      'interaction',
      'news',
      'reestimation',
      'interaction',
      'news',
      'reestimation',
      'interaction',
      None,
      'news',
      'reestimation',
      'interaction',
      None,
      'news',
      'reestimation',
      'interaction',
      None,
      'news',
      'reestimation',
      'interaction',
      None,
      'news',
      'reestimation',
      'interaction',
      None,
      'news',
      'reestimation',
      'interaction',
      None,
      'news',
      'reestimation',
      'interaction',
      None,
      'news',
      'reestimation',
      'interaction',
      None,
      'news',
      'reestimation',
      'interaction',
    ]),
    'source': list([
      'ForecastMultiMIDAS',
      'ForecastMultiMIDAS',
      'ForecastMultiMIDAS',
      'ForecastMultiMIDAS',
      'ForecastMultiMIDAS',
      'ForecastMultiMIDAS',
      'ForecastMultiMIDAS',
      'ForecastMultiMIDAS',
      'ForecastMultiMIDAS',
      'ForecastMultiMIDAS',
      'ForecastMultiMIDAS',
      'ForecastMultiMIDAS',
      'ForecastMultiMIDAS',
      'ForecastMultiMIDAS',
      'ForecastMultiMIDAS',
      'ForecastMultiMIDAS',
      'ForecastMultiMIDAS',
      'ForecastMultiMIDAS',
      'ForecastMultiMIDAS',
      'ForecastMultiMIDAS',
      'ForecastMultiMIDAS',
      'ForecastMultiMIDAS',
      'ForecastMultiMIDAS',
      'ForecastMultiMIDAS',
      'ForecastMultiMIDAS',
      'ForecastMultiMIDAS',
      'ForecastMultiMIDAS',
      'ForecastMultiMIDAS',
      'ForecastMultiMIDAS',
      'ForecastMultiMIDAS',
      'ForecastMultiMIDAS',
      'ForecastMultiMIDAS',
      'ForecastMultiMIDAS',
      'ForecastMultiMIDAS',
      'ForecastMultiMIDAS',
      'ForecastMultiMIDAS',
      'ForecastMultiMIDAS',
      'ForecastMultiMIDAS',
      'ForecastMultiMIDAS',
      'ForecastMultiMIDAS',
      'ForecastMultiMIDAS',
      'ForecastMultiMIDAS',
      'ForecastMultiMIDAS',
      'ForecastMultiMIDAS',
      'ForecastMultiMIDAS',
      'ForecastMultiMIDAS',
      'ForecastMultiMIDAS',
      'ForecastMultiMIDAS',
      'ForecastMultiMIDAS',
      'ForecastMultiMIDAS',
      'ForecastMultiMIDAS',
      'ForecastMultiMIDAS',
      'ForecastMultiMIDAS',
      'ForecastMultiMIDAS',
      'ForecastMultiMIDAS',
      'ForecastMultiMIDAS',
      'ForecastMultiMIDAS',
      'ForecastMultiMIDAS',
      'ForecastMultiMIDAS',
      'ForecastMultiMIDAS',
      'ForecastMultiMIDAS',
      'ForecastMultiMIDAS',
      'ForecastMultiMIDAS',
      'ForecastMultiMIDAS',
      'ForecastMultiMIDAS',
      'ForecastMultiMIDAS',
      'ForecastMultiMIDAS',
      'ForecastMultiMIDAS',
      'ForecastMultiMIDAS',
      'ForecastMultiMIDAS',
      'ForecastMultiMIDAS',
      'ForecastMultiMIDAS',
      'ForecastMultiMIDAS',
      'ForecastMultiMIDAS',
      'ForecastMultiMIDAS',
      'ForecastMultiMIDAS',
      'ForecastMultiMIDAS',
      'ForecastMultiMIDAS',
      'ForecastMultiMIDAS',
      'ForecastMultiMIDAS',
      'ForecastMultiMIDAS',
      'ForecastMultiMIDAS',
      'ForecastMultiMIDAS',
      'ForecastMultiMIDAS',
      'ForecastMultiMIDAS',
      'ForecastMultiMIDAS',
      'ForecastMultiMIDAS',
      'ForecastMultiMIDAS',
      'ForecastMultiMIDAS',
      'ForecastMultiMIDAS',
      'ForecastMultiMIDAS',
      'ForecastMultiMIDAS',
      'ForecastMultiMIDAS',
      'ForecastMultiMIDAS',
      'ForecastMultiMIDAS',
      'ForecastMultiMIDAS',
      'ForecastMultiMIDAS',
      'ForecastMultiMIDAS',
      'ForecastMultiMIDAS',
      'ForecastMultiMIDAS',
      'ForecastMultiMIDAS',
      'ForecastMultiMIDAS',
      'ForecastMultiMIDAS',
      'ForecastMultiMIDAS',
      'ForecastMultiMIDAS',
      'ForecastMultiMIDAS',
      'ForecastMultiMIDAS',
      'ForecastMultiMIDAS',
    ]),
    'variable': list([
      'var_quarterly_a',
      'var_quarterly_a',
      'var_quarterly_a',
      'var_quarterly_a',
      'var_quarterly_a',
      'var_quarterly_a',
      'var_quarterly_a',
      'var_quarterly_a',
      'var_quarterly_a',
      'var_quarterly_a',
      'var_quarterly_a',
      'var_quarterly_a',
      'var_quarterly_a',
      'var_quarterly_a',
      'var_quarterly_a',
      'var_quarterly_a',
      'var_quarterly_a',
      'var_quarterly_a',
      'var_quarterly_a',
      'var_quarterly_a',
      'var_quarterly_a',
      'var_quarterly_a',
      'var_quarterly_a',
      'var_quarterly_a',
      'var_quarterly_a',
      'var_quarterly_a',
      'var_quarterly_a',
      'var_quarterly_a',
      'var_quarterly_a',
      'var_quarterly_a',
      'var_quarterly_a',
      'var_quarterly_a',
      'var_quarterly_a',
      'var_quarterly_a',
      'var_quarterly_a',
      'var_quarterly_a',
      'var_quarterly_a',
      'var_quarterly_a',
      'var_quarterly_a',
      'var_quarterly_a',
      'var_quarterly_a',
      'var_quarterly_a',
      'var_quarterly_a',
      'var_quarterly_a',
      'var_quarterly_a',
      'var_quarterly_a',
      'var_quarterly_a',
      'var_quarterly_a',
      'var_quarterly_a',
      'var_quarterly_a',
      'var_quarterly_a',
      'var_quarterly_a',
      'var_quarterly_a',
      'var_quarterly_a',
      'var_quarterly_a',
      'var_quarterly_a',
      'var_quarterly_a',
      'var_quarterly_a',
      'var_quarterly_a',
      'var_quarterly_a',
      'var_quarterly_a',
      'var_quarterly_a',
      'var_quarterly_a',
      'var_quarterly_a',
      'var_quarterly_a',
      'var_quarterly_a',
      'var_quarterly_a',
      'var_quarterly_a',
      'var_quarterly_a',
      'var_quarterly_a',
      'var_quarterly_a',
      'var_quarterly_a',
      'var_quarterly_a',
      'var_quarterly_a',
      'var_quarterly_a',
      'var_quarterly_a',
      'var_quarterly_a',
      'var_quarterly_a',
      'var_quarterly_a',
      'var_quarterly_a',
      'var_quarterly_a',
      'var_quarterly_a',
      'var_quarterly_a',
      'var_quarterly_a',
      'var_quarterly_a',
      'var_quarterly_a',
      'var_quarterly_a',
      'var_quarterly_a',
      'var_quarterly_a',
      'var_quarterly_a',
      'var_quarterly_a',
      'var_quarterly_a',
      'var_quarterly_a',
      'var_quarterly_a',
      'var_quarterly_a',
      'var_quarterly_a',
      'var_quarterly_a',
      'var_quarterly_a',
      'var_quarterly_a',
      'var_quarterly_a',
      'var_quarterly_a',
      'var_quarterly_a',
      'var_quarterly_a',
      'var_quarterly_a',
      'var_quarterly_a',
      'var_quarterly_a',
      'var_quarterly_a',
      'var_quarterly_a',
    ]),
    'vintage_date': list([
      Timestamp('2024-01-31 00:00:00'),
      Timestamp('2024-01-31 00:00:00'),
      Timestamp('2024-01-31 00:00:00'),
      Timestamp('2024-01-31 00:00:00'),
      Timestamp('2024-02-29 00:00:00'),
      Timestamp('2024-02-29 00:00:00'),
      Timestamp('2024-02-29 00:00:00'),
      Timestamp('2024-02-29 00:00:00'),
      Timestamp('2024-02-29 00:00:00'),
      Timestamp('2024-02-29 00:00:00'),
      Timestamp('2024-02-29 00:00:00'),
      Timestamp('2024-02-29 00:00:00'),
      Timestamp('2024-02-29 00:00:00'),
      Timestamp('2024-02-29 00:00:00'),
      Timestamp('2024-02-29 00:00:00'),
      Timestamp('2024-02-29 00:00:00'),
      Timestamp('2024-02-29 00:00:00'),
      Timestamp('2024-02-29 00:00:00'),
      Timestamp('2024-02-29 00:00:00'),
      Timestamp('2024-02-29 00:00:00'),
      Timestamp('2024-02-29 00:00:00'),
      Timestamp('2024-02-29 00:00:00'),
      Timestamp('2024-02-29 00:00:00'),
      Timestamp('2024-02-29 00:00:00'),
      Timestamp('2024-02-29 00:00:00'),
      Timestamp('2024-02-29 00:00:00'),
      Timestamp('2024-02-29 00:00:00'),
      Timestamp('2024-02-29 00:00:00'),
      Timestamp('2024-02-29 00:00:00'),
      Timestamp('2024-02-29 00:00:00'),
      Timestamp('2024-02-29 00:00:00'),
      Timestamp('2024-02-29 00:00:00'),
      Timestamp('2024-03-31 00:00:00'),
      Timestamp('2024-03-31 00:00:00'),
      Timestamp('2024-03-31 00:00:00'),
      Timestamp('2024-03-31 00:00:00'),
      Timestamp('2024-03-31 00:00:00'),
      Timestamp('2024-03-31 00:00:00'),
      Timestamp('2024-03-31 00:00:00'),
      Timestamp('2024-03-31 00:00:00'),
      Timestamp('2024-03-31 00:00:00'),
      Timestamp('2024-03-31 00:00:00'),
      Timestamp('2024-03-31 00:00:00'),
      Timestamp('2024-03-31 00:00:00'),
      Timestamp('2024-03-31 00:00:00'),
      Timestamp('2024-03-31 00:00:00'),
      Timestamp('2024-03-31 00:00:00'),
      Timestamp('2024-03-31 00:00:00'),
      Timestamp('2024-04-30 00:00:00'),
      Timestamp('2024-04-30 00:00:00'),
      Timestamp('2024-04-30 00:00:00'),
      Timestamp('2024-04-30 00:00:00'),
      Timestamp('2024-04-30 00:00:00'),
      Timestamp('2024-04-30 00:00:00'),
      Timestamp('2024-04-30 00:00:00'),
      Timestamp('2024-04-30 00:00:00'),
      Timestamp('2024-04-30 00:00:00'),
      Timestamp('2024-04-30 00:00:00'),
      Timestamp('2024-04-30 00:00:00'),
      Timestamp('2024-04-30 00:00:00'),
      Timestamp('2024-04-30 00:00:00'),
      Timestamp('2024-04-30 00:00:00'),
      Timestamp('2024-04-30 00:00:00'),
      Timestamp('2024-04-30 00:00:00'),
      Timestamp('2024-05-31 00:00:00'),
      Timestamp('2024-05-31 00:00:00'),
      Timestamp('2024-05-31 00:00:00'),
      Timestamp('2024-05-31 00:00:00'),
      Timestamp('2024-05-31 00:00:00'),
      Timestamp('2024-05-31 00:00:00'),
      Timestamp('2024-05-31 00:00:00'),
      Timestamp('2024-05-31 00:00:00'),
      Timestamp('2024-05-31 00:00:00'),
      Timestamp('2024-05-31 00:00:00'),
      Timestamp('2024-05-31 00:00:00'),
      Timestamp('2024-05-31 00:00:00'),
      Timestamp('2024-05-31 00:00:00'),
      Timestamp('2024-05-31 00:00:00'),
      Timestamp('2024-05-31 00:00:00'),
      Timestamp('2024-05-31 00:00:00'),
      Timestamp('2024-05-31 00:00:00'),
      Timestamp('2024-05-31 00:00:00'),
      Timestamp('2024-05-31 00:00:00'),
      Timestamp('2024-05-31 00:00:00'),
      Timestamp('2024-05-31 00:00:00'),
      Timestamp('2024-05-31 00:00:00'),
      Timestamp('2024-05-31 00:00:00'),
      Timestamp('2024-05-31 00:00:00'),
      Timestamp('2024-05-31 00:00:00'),
      Timestamp('2024-05-31 00:00:00'),
      Timestamp('2024-05-31 00:00:00'),
      Timestamp('2024-05-31 00:00:00'),
      Timestamp('2024-06-30 00:00:00'),
      Timestamp('2024-06-30 00:00:00'),
      Timestamp('2024-06-30 00:00:00'),
      Timestamp('2024-06-30 00:00:00'),
      Timestamp('2024-06-30 00:00:00'),
      Timestamp('2024-06-30 00:00:00'),
      Timestamp('2024-06-30 00:00:00'),
      Timestamp('2024-06-30 00:00:00'),
      Timestamp('2024-06-30 00:00:00'),
      Timestamp('2024-06-30 00:00:00'),
      Timestamp('2024-06-30 00:00:00'),
      Timestamp('2024-06-30 00:00:00'),
      Timestamp('2024-06-30 00:00:00'),
      Timestamp('2024-06-30 00:00:00'),
      Timestamp('2024-06-30 00:00:00'),
      Timestamp('2024-06-30 00:00:00'),
    ]),
    'weight': list([
      0.537157,
      1.0,
      nan,
      nan,
      0.537157,
      0.537157,
      0.537157,
      1.0,
      1.0,
      1.0,
      nan,
      nan,
      nan,
      nan,
      nan,
      nan,
      0.55689,
      0.55689,
      0.55689,
      0.55689,
      1.0,
      1.0,
      1.0,
      1.0,
      nan,
      nan,
      nan,
      nan,
      nan,
      nan,
      nan,
      nan,
      0.580818,
      0.580818,
      0.580818,
      0.580818,
      1.0,
      1.0,
      1.0,
      1.0,
      nan,
      nan,
      nan,
      nan,
      nan,
      nan,
      nan,
      nan,
      0.575597,
      0.575597,
      0.575597,
      0.575597,
      1.0,
      1.0,
      1.0,
      1.0,
      nan,
      nan,
      nan,
      nan,
      nan,
      nan,
      nan,
      nan,
      0.575597,
      0.575597,
      0.575597,
      1.0,
      1.0,
      1.0,
      nan,
      nan,
      nan,
      nan,
      nan,
      nan,
      0.600152,
      0.600152,
      0.600152,
      0.600152,
      1.0,
      1.0,
      1.0,
      1.0,
      nan,
      nan,
      nan,
      nan,
      nan,
      nan,
      nan,
      nan,
      0.624623,
      0.624623,
      0.624623,
      0.624623,
      1.0,
      1.0,
      1.0,
      1.0,
      nan,
      nan,
      nan,
      nan,
      nan,
      nan,
      nan,
      nan,
    ]),
  })
# ---
