# serializer version: 1
# name: test_scmidas_data
  dict({
    'date': list([
      Timestamp('2023-12-31 00:00:00'),
      Timestamp('2023-12-31 00:00:00'),
      Timestamp('2023-12-31 00:00:00'),
      Timestamp('2024-03-31 00:00:00'),
      Timestamp('2024-03-31 00:00:00'),
      Timestamp('2024-03-31 00:00:00'),
    ]),
    'forecast_horizon': list([
      0,
      0,
      0,
      0,
      0,
      0,
    ]),
    'frequency': list([
      'Q',
      'Q',
      'Q',
      'Q',
      'Q',
      'Q',
    ]),
    'metric': list([
      'pop',
      'pop',
      'pop',
      'pop',
      'pop',
      'pop',
    ]),
    'source': list([
      'ForecastMIDASCombo',
      'ForecastMIDASCombo',
      'ForecastMIDASCombo',
      'ForecastMIDASCombo',
      'ForecastMIDASCombo',
      'ForecastMIDASCombo',
    ]),
    'target_minus_vintage': list([
      -1,
      -1,
      -1,
      -1,
      -1,
      -1,
    ]),
    'unique_id': list([
      'ForecastMIDASCombo',
      'ForecastMIDASCombo',
      'ForecastMIDASCombo',
      'ForecastMIDASCombo',
      'ForecastMIDASCombo',
      'ForecastMIDASCombo',
    ]),
    'value': list([
      0.337425,
      0.843183,
      0.408982,
      0.341542,
      -0.128497,
      0.34717,
    ]),
    'variable': list([
      'var_quarterly_a',
      'var_quarterly_a',
      'var_quarterly_a',
      'var_quarterly_a',
      'var_quarterly_a',
      'var_quarterly_a',
    ]),
    'vintage_date': list([
      Timestamp('2024-01-31 00:00:00'),
      Timestamp('2024-02-29 00:00:00'),
      Timestamp('2024-03-31 00:00:00'),
      Timestamp('2024-04-30 00:00:00'),
      Timestamp('2024-05-31 00:00:00'),
      Timestamp('2024-06-30 00:00:00'),
    ]),
  })
# ---
# name: test_scmidas_data_decomposition
  dict({
    'base_vintage_date': list([
      NaT,
      NaT,
    ]),
    'component': list([
      'var_monthly_a',
      'var_monthly_b',
    ]),
    'contribution': list([
      0.086403,
      0.251022,
    ]),
    'date': list([
      Timestamp('2023-12-30 00:00:00'),
      Timestamp('2023-12-30 00:00:00'),
    ]),
    'decomposition': list([
      'level',
      'level',
    ]),
    'forecast_horizon': list([
      0,
      0,
    ]),
    'forecast_metric': list([
      'pop',
      'pop',
    ]),
    'frequency': list([
      'Q',
      'Q',
    ]),
    'news': list([
      nan,
      nan,
    ]),
    'revision_source': list([
      None,
      None,
    ]),
    'source': list([
      'ForecastMIDASCombo',
      'ForecastMIDASCombo',
    ]),
    'variable': list([
      'var_quarterly_a',
      'var_quarterly_a',
    ]),
    'vintage_date': list([
      Timestamp('2024-01-31 00:00:00'),
      Timestamp('2024-01-31 00:00:00'),
    ]),
    'weight': list([
      0.432028,
      0.567972,
    ]),
  })
# ---
