# serializer version: 1
# name: test_midas_data
  dict({
    'date': list([
      Timestamp('2023-12-31 00:00:00'),
      Timestamp('2023-12-31 00:00:00'),
      Timestamp('2023-12-31 00:00:00'),
      Timestamp('2024-03-31 00:00:00'),
      Timestamp('2024-03-31 00:00:00'),
      Timestamp('2024-03-31 00:00:00'),
    ]),
    'forecast_horizon': list([
      0,
      0,
      0,
      0,
      0,
      0,
    ]),
    'frequency': list([
      'Q',
      'Q',
      'Q',
      'Q',
      'Q',
      'Q',
    ]),
    'metric': list([
      'pop',
      'pop',
      'pop',
      'pop',
      'pop',
      'pop',
    ]),
    'source': list([
      'ForecastMIDAS',
      'ForecastMIDAS',
      'ForecastMIDAS',
      'ForecastMIDAS',
      'ForecastMIDAS',
      'ForecastMIDAS',
    ]),
    'target_minus_vintage': list([
      -1,
      -1,
      -1,
      -1,
      -1,
      -1,
    ]),
    'unique_id': list([
      'ForecastMIDAS',
      'ForecastMIDAS',
      'ForecastMIDAS',
      'ForecastMIDAS',
      'ForecastMIDAS',
      'ForecastMIDAS',
    ]),
    'value': list([
      0.002,
      0.008432,
      0.00409,
      0.000536,
      -0.001285,
      0.003472,
    ]),
    'variable': list([
      'var_quarterly_a',
      'var_quarterly_a',
      'var_quarterly_a',
      'var_quarterly_a',
      'var_quarterly_a',
      'var_quarterly_a',
    ]),
    'vintage_date': list([
      Timestamp('2024-01-31 00:00:00'),
      Timestamp('2024-02-29 00:00:00'),
      Timestamp('2024-03-31 00:00:00'),
      Timestamp('2024-04-30 00:00:00'),
      Timestamp('2024-05-31 00:00:00'),
      Timestamp('2024-06-30 00:00:00'),
    ]),
  })
# ---
# name: test_midas_data_decomposition
  dict({
    'base_vintage_date': list([
      NaT,
      NaT,
      NaT,
      NaT,
      Timestamp('2024-01-31 00:00:00'),
      Timestamp('2024-01-31 00:00:00'),
      Timestamp('2024-01-31 00:00:00'),
      NaT,
      Timestamp('2024-01-31 00:00:00'),
      Timestamp('2024-01-31 00:00:00'),
      Timestamp('2024-01-31 00:00:00'),
      NaT,
      Timestamp('2024-01-31 00:00:00'),
      Timestamp('2024-01-31 00:00:00'),
      Timestamp('2024-01-31 00:00:00'),
      NaT,
      Timestamp('2024-02-29 00:00:00'),
      Timestamp('2024-02-29 00:00:00'),
      Timestamp('2024-02-29 00:00:00'),
      NaT,
      Timestamp('2024-02-29 00:00:00'),
      Timestamp('2024-02-29 00:00:00'),
      Timestamp('2024-02-29 00:00:00'),
      NaT,
      Timestamp('2024-02-29 00:00:00'),
      Timestamp('2024-02-29 00:00:00'),
      Timestamp('2024-02-29 00:00:00'),
      Timestamp('2024-03-31 00:00:00'),
      Timestamp('2024-03-31 00:00:00'),
      Timestamp('2024-03-31 00:00:00'),
      Timestamp('2024-03-31 00:00:00'),
      Timestamp('2024-03-31 00:00:00'),
      Timestamp('2024-03-31 00:00:00'),
      Timestamp('2024-03-31 00:00:00'),
      Timestamp('2024-03-31 00:00:00'),
      Timestamp('2024-03-31 00:00:00'),
      NaT,
      Timestamp('2024-03-31 00:00:00'),
      Timestamp('2024-03-31 00:00:00'),
      Timestamp('2024-03-31 00:00:00'),
      NaT,
      Timestamp('2024-03-31 00:00:00'),
      Timestamp('2024-03-31 00:00:00'),
      Timestamp('2024-03-31 00:00:00'),
      NaT,
      Timestamp('2024-03-31 00:00:00'),
      Timestamp('2024-03-31 00:00:00'),
      Timestamp('2024-03-31 00:00:00'),
      NaT,
      Timestamp('2024-04-30 00:00:00'),
      Timestamp('2024-04-30 00:00:00'),
      Timestamp('2024-04-30 00:00:00'),
      NaT,
      Timestamp('2024-04-30 00:00:00'),
      Timestamp('2024-04-30 00:00:00'),
      Timestamp('2024-04-30 00:00:00'),
      NaT,
      Timestamp('2024-04-30 00:00:00'),
      Timestamp('2024-04-30 00:00:00'),
      Timestamp('2024-04-30 00:00:00'),
      NaT,
      Timestamp('2024-05-31 00:00:00'),
      Timestamp('2024-05-31 00:00:00'),
      Timestamp('2024-05-31 00:00:00'),
      NaT,
      Timestamp('2024-05-31 00:00:00'),
      Timestamp('2024-05-31 00:00:00'),
      Timestamp('2024-05-31 00:00:00'),
      NaT,
      Timestamp('2024-05-31 00:00:00'),
      Timestamp('2024-05-31 00:00:00'),
      Timestamp('2024-05-31 00:00:00'),
    ]),
    'component': list([
      'ar_lag1',
      'intercept',
      'var_monthly_a',
      'ar_lag1',
      'ar_lag1',
      'ar_lag1',
      'ar_lag1',
      'intercept',
      'intercept',
      'intercept',
      'intercept',
      'var_monthly_a',
      'var_monthly_a',
      'var_monthly_a',
      'var_monthly_a',
      'ar_lag1',
      'ar_lag1',
      'ar_lag1',
      'ar_lag1',
      'intercept',
      'intercept',
      'intercept',
      'intercept',
      'var_monthly_a',
      'var_monthly_a',
      'var_monthly_a',
      'var_monthly_a',
      'ar_lag1',
      'ar_lag1',
      'ar_lag1',
      'intercept',
      'intercept',
      'intercept',
      'var_monthly_a',
      'var_monthly_a',
      'var_monthly_a',
      'ar_lag1',
      'ar_lag1',
      'ar_lag1',
      'ar_lag1',
      'intercept',
      'intercept',
      'intercept',
      'intercept',
      'var_monthly_a',
      'var_monthly_a',
      'var_monthly_a',
      'var_monthly_a',
      'ar_lag1',
      'ar_lag1',
      'ar_lag1',
      'ar_lag1',
      'intercept',
      'intercept',
      'intercept',
      'intercept',
      'var_monthly_a',
      'var_monthly_a',
      'var_monthly_a',
      'var_monthly_a',
      'ar_lag1',
      'ar_lag1',
      'ar_lag1',
      'ar_lag1',
      'intercept',
      'intercept',
      'intercept',
      'intercept',
      'var_monthly_a',
      'var_monthly_a',
      'var_monthly_a',
      'var_monthly_a',
    ]),
    'contribution': list([
      0.005961,
      -0.001319,
      -0.002642,
      0.00633,
      0.0,
      0.000369,
      0.0,
      -0.001085,
      0.0,
      0.000234,
      0.0,
      0.003187,
      0.006412,
      0.001329,
      -0.001911,
      0.006138,
      0.0,
      -0.000192,
      0.0,
      -0.001158,
      0.0,
      -7.2e-05,
      0.0,
      -0.00089,
      0.000118,
      -0.003422,
      -0.000773,
      -0.006138,
      -0.001671,
      0.001671,
      0.001158,
      0.00021,
      -0.00021,
      0.00089,
      0.005406,
      -0.005406,
      0.004467,
      0.006138,
      0.0,
      -0.001671,
      -0.000948,
      -0.001158,
      0.0,
      0.00021,
      -0.002983,
      0.000919,
      0.0,
      -0.003902,
      0.004479,
      0.0,
      1.1e-05,
      0.0,
      -0.000946,
      0.0,
      2e-06,
      0.0,
      -0.004818,
      -0.003573,
      0.001211,
      0.000527,
      0.004541,
      0.0,
      6.3e-05,
      0.0,
      -0.000891,
      0.0,
      5.5e-05,
      0.0,
      -0.000179,
      0.00085,
      0.005631,
      -0.001843,
    ]),
    'date': list([
      Timestamp('2023-12-31 00:00:00'),
      Timestamp('2023-12-31 00:00:00'),
      Timestamp('2023-12-31 00:00:00'),
      Timestamp('2023-12-31 00:00:00'),
      Timestamp('2023-12-31 00:00:00'),
      Timestamp('2023-12-31 00:00:00'),
      Timestamp('2023-12-31 00:00:00'),
      Timestamp('2023-12-31 00:00:00'),
      Timestamp('2023-12-31 00:00:00'),
      Timestamp('2023-12-31 00:00:00'),
      Timestamp('2023-12-31 00:00:00'),
      Timestamp('2023-12-31 00:00:00'),
      Timestamp('2023-12-31 00:00:00'),
      Timestamp('2023-12-31 00:00:00'),
      Timestamp('2023-12-31 00:00:00'),
      Timestamp('2023-12-31 00:00:00'),
      Timestamp('2023-12-31 00:00:00'),
      Timestamp('2023-12-31 00:00:00'),
      Timestamp('2023-12-31 00:00:00'),
      Timestamp('2023-12-31 00:00:00'),
      Timestamp('2023-12-31 00:00:00'),
      Timestamp('2023-12-31 00:00:00'),
      Timestamp('2023-12-31 00:00:00'),
      Timestamp('2023-12-31 00:00:00'),
      Timestamp('2023-12-31 00:00:00'),
      Timestamp('2023-12-31 00:00:00'),
      Timestamp('2023-12-31 00:00:00'),
      Timestamp('2023-12-31 00:00:00'),
      Timestamp('2023-12-31 00:00:00'),
      Timestamp('2023-12-31 00:00:00'),
      Timestamp('2023-12-31 00:00:00'),
      Timestamp('2023-12-31 00:00:00'),
      Timestamp('2023-12-31 00:00:00'),
      Timestamp('2023-12-31 00:00:00'),
      Timestamp('2023-12-31 00:00:00'),
      Timestamp('2023-12-31 00:00:00'),
      Timestamp('2024-03-31 00:00:00'),
      Timestamp('2024-03-31 00:00:00'),
      Timestamp('2024-03-31 00:00:00'),
      Timestamp('2024-03-31 00:00:00'),
      Timestamp('2024-03-31 00:00:00'),
      Timestamp('2024-03-31 00:00:00'),
      Timestamp('2024-03-31 00:00:00'),
      Timestamp('2024-03-31 00:00:00'),
      Timestamp('2024-03-31 00:00:00'),
      Timestamp('2024-03-31 00:00:00'),
      Timestamp('2024-03-31 00:00:00'),
      Timestamp('2024-03-31 00:00:00'),
      Timestamp('2024-03-31 00:00:00'),
      Timestamp('2024-03-31 00:00:00'),
      Timestamp('2024-03-31 00:00:00'),
      Timestamp('2024-03-31 00:00:00'),
      Timestamp('2024-03-31 00:00:00'),
      Timestamp('2024-03-31 00:00:00'),
      Timestamp('2024-03-31 00:00:00'),
      Timestamp('2024-03-31 00:00:00'),
      Timestamp('2024-03-31 00:00:00'),
      Timestamp('2024-03-31 00:00:00'),
      Timestamp('2024-03-31 00:00:00'),
      Timestamp('2024-03-31 00:00:00'),
      Timestamp('2024-03-31 00:00:00'),
      Timestamp('2024-03-31 00:00:00'),
      Timestamp('2024-03-31 00:00:00'),
      Timestamp('2024-03-31 00:00:00'),
      Timestamp('2024-03-31 00:00:00'),
      Timestamp('2024-03-31 00:00:00'),
      Timestamp('2024-03-31 00:00:00'),
      Timestamp('2024-03-31 00:00:00'),
      Timestamp('2024-03-31 00:00:00'),
      Timestamp('2024-03-31 00:00:00'),
      Timestamp('2024-03-31 00:00:00'),
      Timestamp('2024-03-31 00:00:00'),
    ]),
    'decomposition': list([
      'level',
      'level',
      'level',
      'level',
      'revision',
      'revision',
      'revision',
      'level',
      'revision',
      'revision',
      'revision',
      'level',
      'revision',
      'revision',
      'revision',
      'level',
      'revision',
      'revision',
      'revision',
      'level',
      'revision',
      'revision',
      'revision',
      'level',
      'revision',
      'revision',
      'revision',
      'revision',
      'revision',
      'revision',
      'revision',
      'revision',
      'revision',
      'revision',
      'revision',
      'revision',
      'level',
      'revision',
      'revision',
      'revision',
      'level',
      'revision',
      'revision',
      'revision',
      'level',
      'revision',
      'revision',
      'revision',
      'level',
      'revision',
      'revision',
      'revision',
      'level',
      'revision',
      'revision',
      'revision',
      'level',
      'revision',
      'revision',
      'revision',
      'level',
      'revision',
      'revision',
      'revision',
      'level',
      'revision',
      'revision',
      'revision',
      'level',
      'revision',
      'revision',
      'revision',
    ]),
    'forecast_horizon': list([
      0,
      0,
      0,
      0,
      0,
      0,
      0,
      0,
      0,
      0,
      0,
      0,
      0,
      0,
      0,
      0,
      0,
      0,
      0,
      0,
      0,
      0,
      0,
      0,
      0,
      0,
      0,
      0,
      0,
      0,
      0,
      0,
      0,
      0,
      0,
      0,
      0,
      0,
      0,
      0,
      0,
      0,
      0,
      0,
      0,
      0,
      0,
      0,
      0,
      0,
      0,
      0,
      0,
      0,
      0,
      0,
      0,
      0,
      0,
      0,
      0,
      0,
      0,
      0,
      0,
      0,
      0,
      0,
      0,
      0,
      0,
      0,
    ]),
    'forecast_metric': list([
      'pop',
      'pop',
      'pop',
      'pop',
      'pop',
      'pop',
      'pop',
      'pop',
      'pop',
      'pop',
      'pop',
      'pop',
      'pop',
      'pop',
      'pop',
      'pop',
      'pop',
      'pop',
      'pop',
      'pop',
      'pop',
      'pop',
      'pop',
      'pop',
      'pop',
      'pop',
      'pop',
      'pop',
      'pop',
      'pop',
      'pop',
      'pop',
      'pop',
      'pop',
      'pop',
      'pop',
      'pop',
      'pop',
      'pop',
      'pop',
      'pop',
      'pop',
      'pop',
      'pop',
      'pop',
      'pop',
      'pop',
      'pop',
      'pop',
      'pop',
      'pop',
      'pop',
      'pop',
      'pop',
      'pop',
      'pop',
      'pop',
      'pop',
      'pop',
      'pop',
      'pop',
      'pop',
      'pop',
      'pop',
      'pop',
      'pop',
      'pop',
      'pop',
      'pop',
      'pop',
      'pop',
      'pop',
    ]),
    'frequency': list([
      'Q',
      'Q',
      'Q',
      'Q',
      'Q',
      'Q',
      'Q',
      'Q',
      'Q',
      'Q',
      'Q',
      'Q',
      'Q',
      'Q',
      'Q',
      'Q',
      'Q',
      'Q',
      'Q',
      'Q',
      'Q',
      'Q',
      'Q',
      'Q',
      'Q',
      'Q',
      'Q',
      'Q',
      'Q',
      'Q',
      'Q',
      'Q',
      'Q',
      'Q',
      'Q',
      'Q',
      'Q',
      'Q',
      'Q',
      'Q',
      'Q',
      'Q',
      'Q',
      'Q',
      'Q',
      'Q',
      'Q',
      'Q',
      'Q',
      'Q',
      'Q',
      'Q',
      'Q',
      'Q',
      'Q',
      'Q',
      'Q',
      'Q',
      'Q',
      'Q',
      'Q',
      'Q',
      'Q',
      'Q',
      'Q',
      'Q',
      'Q',
      'Q',
      'Q',
      'Q',
      'Q',
      'Q',
    ]),
    'news': list([
      nan,
      nan,
      nan,
      nan,
      0.0,
      0.001016,
      0.0,
      nan,
      0.0,
      0.000234,
      0.0,
      nan,
      nan,
      nan,
      nan,
      nan,
      0.0,
      -0.000544,
      0.0,
      nan,
      0.0,
      -7.2e-05,
      0.0,
      nan,
      nan,
      nan,
      nan,
      -0.017407,
      -0.004737,
      0.004737,
      0.001158,
      0.00021,
      -0.00021,
      nan,
      nan,
      nan,
      nan,
      0.016542,
      0.0,
      -0.004502,
      nan,
      -0.001158,
      0.0,
      0.00021,
      nan,
      nan,
      nan,
      nan,
      nan,
      0.0,
      3e-05,
      0.0,
      nan,
      0.0,
      2e-06,
      0.0,
      nan,
      nan,
      nan,
      nan,
      nan,
      0.0,
      0.000166,
      0.0,
      nan,
      0.0,
      5.5e-05,
      0.0,
      nan,
      nan,
      nan,
      nan,
    ]),
    'revision_source': list([
      None,
      None,
      None,
      None,
      'news',
      'reestimation',
      'interaction',
      None,
      'news',
      'reestimation',
      'interaction',
      None,
      'news',
      'reestimation',
      'interaction',
      None,
      'news',
      'reestimation',
      'interaction',
      None,
      'news',
      'reestimation',
      'interaction',
      None,
      'news',
      'reestimation',
      'interaction',
      'news',
      'reestimation',
      'interaction',
      'news',
      'reestimation',
      'interaction',
      'news',
      'reestimation',
      'interaction',
      None,
      'news',
      'reestimation',
      'interaction',
      None,
      'news',
      'reestimation',
      'interaction',
      None,
      'news',
      'reestimation',
      'interaction',
      None,
      'news',
      'reestimation',
      'interaction',
      None,
      'news',
      'reestimation',
      'interaction',
      None,
      'news',
      'reestimation',
      'interaction',
      None,
      'news',
      'reestimation',
      'interaction',
      None,
      'news',
      'reestimation',
      'interaction',
      None,
      'news',
      'reestimation',
      'interaction',
    ]),
    'source': list([
      'ForecastMIDAS',
      'ForecastMIDAS',
      'ForecastMIDAS',
      'ForecastMIDAS',
      'ForecastMIDAS',
      'ForecastMIDAS',
      'ForecastMIDAS',
      'ForecastMIDAS',
      'ForecastMIDAS',
      'ForecastMIDAS',
      'ForecastMIDAS',
      'ForecastMIDAS',
      'ForecastMIDAS',
      'ForecastMIDAS',
      'ForecastMIDAS',
      'ForecastMIDAS',
      'ForecastMIDAS',
      'ForecastMIDAS',
      'ForecastMIDAS',
      'ForecastMIDAS',
      'ForecastMIDAS',
      'ForecastMIDAS',
      'ForecastMIDAS',
      'ForecastMIDAS',
      'ForecastMIDAS',
      'ForecastMIDAS',
      'ForecastMIDAS',
      'ForecastMIDAS',
      'ForecastMIDAS',
      'ForecastMIDAS',
      'ForecastMIDAS',
      'ForecastMIDAS',
      'ForecastMIDAS',
      'ForecastMIDAS',
      'ForecastMIDAS',
      'ForecastMIDAS',
      'ForecastMIDAS',
      'ForecastMIDAS',
      'ForecastMIDAS',
      'ForecastMIDAS',
      'ForecastMIDAS',
      'ForecastMIDAS',
      'ForecastMIDAS',
      'ForecastMIDAS',
      'ForecastMIDAS',
      'ForecastMIDAS',
      'ForecastMIDAS',
      'ForecastMIDAS',
      'ForecastMIDAS',
      'ForecastMIDAS',
      'ForecastMIDAS',
      'ForecastMIDAS',
      'ForecastMIDAS',
      'ForecastMIDAS',
      'ForecastMIDAS',
      'ForecastMIDAS',
      'ForecastMIDAS',
      'ForecastMIDAS',
      'ForecastMIDAS',
      'ForecastMIDAS',
      'ForecastMIDAS',
      'ForecastMIDAS',
      'ForecastMIDAS',
      'ForecastMIDAS',
      'ForecastMIDAS',
      'ForecastMIDAS',
      'ForecastMIDAS',
      'ForecastMIDAS',
      'ForecastMIDAS',
      'ForecastMIDAS',
      'ForecastMIDAS',
      'ForecastMIDAS',
    ]),
    'variable': list([
      'var_quarterly_a',
      'var_quarterly_a',
      'var_quarterly_a',
      'var_quarterly_a',
      'var_quarterly_a',
      'var_quarterly_a',
      'var_quarterly_a',
      'var_quarterly_a',
      'var_quarterly_a',
      'var_quarterly_a',
      'var_quarterly_a',
      'var_quarterly_a',
      'var_quarterly_a',
      'var_quarterly_a',
      'var_quarterly_a',
      'var_quarterly_a',
      'var_quarterly_a',
      'var_quarterly_a',
      'var_quarterly_a',
      'var_quarterly_a',
      'var_quarterly_a',
      'var_quarterly_a',
      'var_quarterly_a',
      'var_quarterly_a',
      'var_quarterly_a',
      'var_quarterly_a',
      'var_quarterly_a',
      'var_quarterly_a',
      'var_quarterly_a',
      'var_quarterly_a',
      'var_quarterly_a',
      'var_quarterly_a',
      'var_quarterly_a',
      'var_quarterly_a',
      'var_quarterly_a',
      'var_quarterly_a',
      'var_quarterly_a',
      'var_quarterly_a',
      'var_quarterly_a',
      'var_quarterly_a',
      'var_quarterly_a',
      'var_quarterly_a',
      'var_quarterly_a',
      'var_quarterly_a',
      'var_quarterly_a',
      'var_quarterly_a',
      'var_quarterly_a',
      'var_quarterly_a',
      'var_quarterly_a',
      'var_quarterly_a',
      'var_quarterly_a',
      'var_quarterly_a',
      'var_quarterly_a',
      'var_quarterly_a',
      'var_quarterly_a',
      'var_quarterly_a',
      'var_quarterly_a',
      'var_quarterly_a',
      'var_quarterly_a',
      'var_quarterly_a',
      'var_quarterly_a',
      'var_quarterly_a',
      'var_quarterly_a',
      'var_quarterly_a',
      'var_quarterly_a',
      'var_quarterly_a',
      'var_quarterly_a',
      'var_quarterly_a',
      'var_quarterly_a',
      'var_quarterly_a',
      'var_quarterly_a',
      'var_quarterly_a',
    ]),
    'vintage_date': list([
      Timestamp('2024-01-31 00:00:00'),
      Timestamp('2024-01-31 00:00:00'),
      Timestamp('2024-01-31 00:00:00'),
      Timestamp('2024-02-29 00:00:00'),
      Timestamp('2024-02-29 00:00:00'),
      Timestamp('2024-02-29 00:00:00'),
      Timestamp('2024-02-29 00:00:00'),
      Timestamp('2024-02-29 00:00:00'),
      Timestamp('2024-02-29 00:00:00'),
      Timestamp('2024-02-29 00:00:00'),
      Timestamp('2024-02-29 00:00:00'),
      Timestamp('2024-02-29 00:00:00'),
      Timestamp('2024-02-29 00:00:00'),
      Timestamp('2024-02-29 00:00:00'),
      Timestamp('2024-02-29 00:00:00'),
      Timestamp('2024-03-31 00:00:00'),
      Timestamp('2024-03-31 00:00:00'),
      Timestamp('2024-03-31 00:00:00'),
      Timestamp('2024-03-31 00:00:00'),
      Timestamp('2024-03-31 00:00:00'),
      Timestamp('2024-03-31 00:00:00'),
      Timestamp('2024-03-31 00:00:00'),
      Timestamp('2024-03-31 00:00:00'),
      Timestamp('2024-03-31 00:00:00'),
      Timestamp('2024-03-31 00:00:00'),
      Timestamp('2024-03-31 00:00:00'),
      Timestamp('2024-03-31 00:00:00'),
      Timestamp('2024-04-30 00:00:00'),
      Timestamp('2024-04-30 00:00:00'),
      Timestamp('2024-04-30 00:00:00'),
      Timestamp('2024-04-30 00:00:00'),
      Timestamp('2024-04-30 00:00:00'),
      Timestamp('2024-04-30 00:00:00'),
      Timestamp('2024-04-30 00:00:00'),
      Timestamp('2024-04-30 00:00:00'),
      Timestamp('2024-04-30 00:00:00'),
      Timestamp('2024-04-30 00:00:00'),
      Timestamp('2024-04-30 00:00:00'),
      Timestamp('2024-04-30 00:00:00'),
      Timestamp('2024-04-30 00:00:00'),
      Timestamp('2024-04-30 00:00:00'),
      Timestamp('2024-04-30 00:00:00'),
      Timestamp('2024-04-30 00:00:00'),
      Timestamp('2024-04-30 00:00:00'),
      Timestamp('2024-04-30 00:00:00'),
      Timestamp('2024-04-30 00:00:00'),
      Timestamp('2024-04-30 00:00:00'),
      Timestamp('2024-04-30 00:00:00'),
      Timestamp('2024-05-31 00:00:00'),
      Timestamp('2024-05-31 00:00:00'),
      Timestamp('2024-05-31 00:00:00'),
      Timestamp('2024-05-31 00:00:00'),
      Timestamp('2024-05-31 00:00:00'),
      Timestamp('2024-05-31 00:00:00'),
      Timestamp('2024-05-31 00:00:00'),
      Timestamp('2024-05-31 00:00:00'),
      Timestamp('2024-05-31 00:00:00'),
      Timestamp('2024-05-31 00:00:00'),
      Timestamp('2024-05-31 00:00:00'),
      Timestamp('2024-05-31 00:00:00'),
      Timestamp('2024-06-30 00:00:00'),
      Timestamp('2024-06-30 00:00:00'),
      Timestamp('2024-06-30 00:00:00'),
      Timestamp('2024-06-30 00:00:00'),
      Timestamp('2024-06-30 00:00:00'),
      Timestamp('2024-06-30 00:00:00'),
      Timestamp('2024-06-30 00:00:00'),
      Timestamp('2024-06-30 00:00:00'),
      Timestamp('2024-06-30 00:00:00'),
      Timestamp('2024-06-30 00:00:00'),
      Timestamp('2024-06-30 00:00:00'),
      Timestamp('2024-06-30 00:00:00'),
    ]),
    'weight': list([
      0.34243,
      1.0,
      nan,
      0.363646,
      0.363646,
      0.363646,
      0.363646,
      1.0,
      1.0,
      1.0,
      1.0,
      nan,
      nan,
      nan,
      nan,
      0.352622,
      0.352622,
      0.352622,
      0.352622,
      1.0,
      1.0,
      1.0,
      1.0,
      nan,
      nan,
      nan,
      nan,
      0.352622,
      0.352622,
      0.352622,
      1.0,
      1.0,
      1.0,
      nan,
      nan,
      nan,
      0.371048,
      0.371048,
      0.371048,
      0.371048,
      1.0,
      1.0,
      1.0,
      1.0,
      nan,
      nan,
      nan,
      nan,
      0.37198,
      0.37198,
      0.37198,
      0.37198,
      1.0,
      1.0,
      1.0,
      1.0,
      nan,
      nan,
      nan,
      nan,
      0.377183,
      0.377183,
      0.377183,
      0.377183,
      1.0,
      1.0,
      1.0,
      1.0,
      nan,
      nan,
      nan,
      nan,
    ]),
  })
# ---
