# serializer version: 1
# name: test_midas_data
  dict({
    'date': list([
      Timestamp('2023-12-31 00:00:00'),
      Timestamp('2023-12-31 00:00:00'),
      Timestamp('2023-12-31 00:00:00'),
      Timestamp('2024-03-31 00:00:00'),
      Timestamp('2024-03-31 00:00:00'),
      Timestamp('2024-03-31 00:00:00'),
    ]),
    'forecast_horizon': list([
      0,
      0,
      0,
      0,
      0,
      0,
    ]),
    'frequency': list([
      'Q',
      'Q',
      'Q',
      'Q',
      'Q',
      'Q',
    ]),
    'metric': list([
      'pop',
      'pop',
      'pop',
      'pop',
      'pop',
      'pop',
    ]),
    'source': list([
      'ForecastMIDAS',
      'ForecastMIDAS',
      'ForecastMIDAS',
      'ForecastMIDAS',
      'ForecastMIDAS',
      'ForecastMIDAS',
    ]),
    'target_minus_vintage': list([
      -1,
      -1,
      -1,
      -1,
      -1,
      -1,
    ]),
    'unique_id': list([
      'ForecastMIDAS',
      'ForecastMIDAS',
      'ForecastMIDAS',
      'ForecastMIDAS',
      'ForecastMIDAS',
      'ForecastMIDAS',
    ]),
    'value': list([
      0.199993,
      0.843183,
      0.408982,
      0.053645,
      -0.128497,
      0.34717,
    ]),
    'variable': list([
      'var_quarterly_a',
      'var_quarterly_a',
      'var_quarterly_a',
      'var_quarterly_a',
      'var_quarterly_a',
      'var_quarterly_a',
    ]),
    'vintage_date': list([
      Timestamp('2024-01-31 00:00:00'),
      Timestamp('2024-02-29 00:00:00'),
      Timestamp('2024-03-31 00:00:00'),
      Timestamp('2024-04-30 00:00:00'),
      Timestamp('2024-05-31 00:00:00'),
      Timestamp('2024-06-30 00:00:00'),
    ]),
  })
# ---
# name: test_midas_data_decomposition
  dict({
    'base_vintage_date': list([
      NaT,
      NaT,
      NaT,
      NaT,
      Timestamp('2024-01-31 00:00:00'),
      Timestamp('2024-01-31 00:00:00'),
      Timestamp('2024-01-31 00:00:00'),
      NaT,
      Timestamp('2024-01-31 00:00:00'),
      Timestamp('2024-01-31 00:00:00'),
      Timestamp('2024-01-31 00:00:00'),
      NaT,
      Timestamp('2024-01-31 00:00:00'),
      Timestamp('2024-01-31 00:00:00'),
      Timestamp('2024-01-31 00:00:00'),
      NaT,
      Timestamp('2024-02-29 00:00:00'),
      Timestamp('2024-02-29 00:00:00'),
      Timestamp('2024-02-29 00:00:00'),
      NaT,
      Timestamp('2024-02-29 00:00:00'),
      Timestamp('2024-02-29 00:00:00'),
      Timestamp('2024-02-29 00:00:00'),
      NaT,
      Timestamp('2024-02-29 00:00:00'),
      Timestamp('2024-02-29 00:00:00'),
      Timestamp('2024-02-29 00:00:00'),
      Timestamp('2024-03-31 00:00:00'),
      Timestamp('2024-03-31 00:00:00'),
      Timestamp('2024-03-31 00:00:00'),
      Timestamp('2024-03-31 00:00:00'),
      Timestamp('2024-03-31 00:00:00'),
      Timestamp('2024-03-31 00:00:00'),
      Timestamp('2024-03-31 00:00:00'),
      Timestamp('2024-03-31 00:00:00'),
      Timestamp('2024-03-31 00:00:00'),
      NaT,
      Timestamp('2024-03-31 00:00:00'),
      Timestamp('2024-03-31 00:00:00'),
      Timestamp('2024-03-31 00:00:00'),
      NaT,
      Timestamp('2024-03-31 00:00:00'),
      Timestamp('2024-03-31 00:00:00'),
      Timestamp('2024-03-31 00:00:00'),
      NaT,
      Timestamp('2024-03-31 00:00:00'),
      Timestamp('2024-03-31 00:00:00'),
      Timestamp('2024-03-31 00:00:00'),
      NaT,
      Timestamp('2024-04-30 00:00:00'),
      Timestamp('2024-04-30 00:00:00'),
      Timestamp('2024-04-30 00:00:00'),
      NaT,
      Timestamp('2024-04-30 00:00:00'),
      Timestamp('2024-04-30 00:00:00'),
      Timestamp('2024-04-30 00:00:00'),
      NaT,
      Timestamp('2024-04-30 00:00:00'),
      Timestamp('2024-04-30 00:00:00'),
      Timestamp('2024-04-30 00:00:00'),
      NaT,
      Timestamp('2024-05-31 00:00:00'),
      Timestamp('2024-05-31 00:00:00'),
      Timestamp('2024-05-31 00:00:00'),
      NaT,
      Timestamp('2024-05-31 00:00:00'),
      Timestamp('2024-05-31 00:00:00'),
      Timestamp('2024-05-31 00:00:00'),
      NaT,
      Timestamp('2024-05-31 00:00:00'),
      Timestamp('2024-05-31 00:00:00'),
      Timestamp('2024-05-31 00:00:00'),
    ]),
    'component': list([
      'ar_lag1',
      'intercept',
      'var_monthly_a',
      'ar_lag1',
      'ar_lag1',
      'ar_lag1',
      'ar_lag1',
      'intercept',
      'intercept',
      'intercept',
      'intercept',
      'var_monthly_a',
      'var_monthly_a',
      'var_monthly_a',
      'var_monthly_a',
      'ar_lag1',
      'ar_lag1',
      'ar_lag1',
      'ar_lag1',
      'intercept',
      'intercept',
      'intercept',
      'intercept',
      'var_monthly_a',
      'var_monthly_a',
      'var_monthly_a',
      'var_monthly_a',
      'ar_lag1',
      'ar_lag1',
      'ar_lag1',
      'intercept',
      'intercept',
      'intercept',
      'var_monthly_a',
      'var_monthly_a',
      'var_monthly_a',
      'ar_lag1',
      'ar_lag1',
      'ar_lag1',
      'ar_lag1',
      'intercept',
      'intercept',
      'intercept',
      'intercept',
      'var_monthly_a',
      'var_monthly_a',
      'var_monthly_a',
      'var_monthly_a',
      'ar_lag1',
      'ar_lag1',
      'ar_lag1',
      'ar_lag1',
      'intercept',
      'intercept',
      'intercept',
      'intercept',
      'var_monthly_a',
      'var_monthly_a',
      'var_monthly_a',
      'var_monthly_a',
      'ar_lag1',
      'ar_lag1',
      'ar_lag1',
      'ar_lag1',
      'intercept',
      'intercept',
      'intercept',
      'intercept',
      'var_monthly_a',
      'var_monthly_a',
      'var_monthly_a',
      'var_monthly_a',
    ]),
    'contribution': list([
      0.596058,
      -0.131897,
      -0.264168,
      0.632988,
      0.0,
      0.036929,
      0.0,
      -0.108545,
      0.0,
      0.023352,
      0.0,
      0.31874,
      0.641158,
      0.132888,
      -0.191137,
      0.613798,
      0.0,
      -0.019189,
      0.0,
      -0.115783,
      0.0,
      -0.007239,
      0.0,
      -0.089034,
      0.011792,
      -0.342219,
      -0.077346,
      -0.613798,
      -0.167052,
      0.167052,
      0.115783,
      0.021006,
      -0.021006,
      0.089034,
      0.540648,
      -0.540648,
      0.446746,
      0.613798,
      0.0,
      -0.167052,
      -0.094777,
      -0.115783,
      0.0,
      0.021006,
      -0.298325,
      0.091898,
      0.0,
      -0.390222,
      0.447869,
      0.0,
      0.001123,
      0.0,
      -0.094572,
      0.0,
      0.000205,
      0.0,
      -0.481793,
      -0.357289,
      0.121102,
      0.052719,
      0.454133,
      0.0,
      0.006264,
      0.0,
      -0.089077,
      0.0,
      0.005495,
      0.0,
      -0.017886,
      0.085035,
      0.563146,
      -0.184274,
    ]),
    'date': list([
      Timestamp('2023-12-31 00:00:00'),
      Timestamp('2023-12-31 00:00:00'),
      Timestamp('2023-12-31 00:00:00'),
      Timestamp('2023-12-31 00:00:00'),
      Timestamp('2023-12-31 00:00:00'),
      Timestamp('2023-12-31 00:00:00'),
      Timestamp('2023-12-31 00:00:00'),
      Timestamp('2023-12-31 00:00:00'),
      Timestamp('2023-12-31 00:00:00'),
      Timestamp('2023-12-31 00:00:00'),
      Timestamp('2023-12-31 00:00:00'),
      Timestamp('2023-12-31 00:00:00'),
      Timestamp('2023-12-31 00:00:00'),
      Timestamp('2023-12-31 00:00:00'),
      Timestamp('2023-12-31 00:00:00'),
      Timestamp('2023-12-31 00:00:00'),
      Timestamp('2023-12-31 00:00:00'),
      Timestamp('2023-12-31 00:00:00'),
      Timestamp('2023-12-31 00:00:00'),
      Timestamp('2023-12-31 00:00:00'),
      Timestamp('2023-12-31 00:00:00'),
      Timestamp('2023-12-31 00:00:00'),
      Timestamp('2023-12-31 00:00:00'),
      Timestamp('2023-12-31 00:00:00'),
      Timestamp('2023-12-31 00:00:00'),
      Timestamp('2023-12-31 00:00:00'),
      Timestamp('2023-12-31 00:00:00'),
      Timestamp('2023-12-31 00:00:00'),
      Timestamp('2023-12-31 00:00:00'),
      Timestamp('2023-12-31 00:00:00'),
      Timestamp('2023-12-31 00:00:00'),
      Timestamp('2023-12-31 00:00:00'),
      Timestamp('2023-12-31 00:00:00'),
      Timestamp('2023-12-31 00:00:00'),
      Timestamp('2023-12-31 00:00:00'),
      Timestamp('2023-12-31 00:00:00'),
      Timestamp('2024-03-31 00:00:00'),
      Timestamp('2024-03-31 00:00:00'),
      Timestamp('2024-03-31 00:00:00'),
      Timestamp('2024-03-31 00:00:00'),
      Timestamp('2024-03-31 00:00:00'),
      Timestamp('2024-03-31 00:00:00'),
      Timestamp('2024-03-31 00:00:00'),
      Timestamp('2024-03-31 00:00:00'),
      Timestamp('2024-03-31 00:00:00'),
      Timestamp('2024-03-31 00:00:00'),
      Timestamp('2024-03-31 00:00:00'),
      Timestamp('2024-03-31 00:00:00'),
      Timestamp('2024-03-31 00:00:00'),
      Timestamp('2024-03-31 00:00:00'),
      Timestamp('2024-03-31 00:00:00'),
      Timestamp('2024-03-31 00:00:00'),
      Timestamp('2024-03-31 00:00:00'),
      Timestamp('2024-03-31 00:00:00'),
      Timestamp('2024-03-31 00:00:00'),
      Timestamp('2024-03-31 00:00:00'),
      Timestamp('2024-03-31 00:00:00'),
      Timestamp('2024-03-31 00:00:00'),
      Timestamp('2024-03-31 00:00:00'),
      Timestamp('2024-03-31 00:00:00'),
      Timestamp('2024-03-31 00:00:00'),
      Timestamp('2024-03-31 00:00:00'),
      Timestamp('2024-03-31 00:00:00'),
      Timestamp('2024-03-31 00:00:00'),
      Timestamp('2024-03-31 00:00:00'),
      Timestamp('2024-03-31 00:00:00'),
      Timestamp('2024-03-31 00:00:00'),
      Timestamp('2024-03-31 00:00:00'),
      Timestamp('2024-03-31 00:00:00'),
      Timestamp('2024-03-31 00:00:00'),
      Timestamp('2024-03-31 00:00:00'),
      Timestamp('2024-03-31 00:00:00'),
    ]),
    'decomposition': list([
      'level',
      'level',
      'level',
      'level',
      'revision',
      'revision',
      'revision',
      'level',
      'revision',
      'revision',
      'revision',
      'level',
      'revision',
      'revision',
      'revision',
      'level',
      'revision',
      'revision',
      'revision',
      'level',
      'revision',
      'revision',
      'revision',
      'level',
      'revision',
      'revision',
      'revision',
      'revision',
      'revision',
      'revision',
      'revision',
      'revision',
      'revision',
      'revision',
      'revision',
      'revision',
      'level',
      'revision',
      'revision',
      'revision',
      'level',
      'revision',
      'revision',
      'revision',
      'level',
      'revision',
      'revision',
      'revision',
      'level',
      'revision',
      'revision',
      'revision',
      'level',
      'revision',
      'revision',
      'revision',
      'level',
      'revision',
      'revision',
      'revision',
      'level',
      'revision',
      'revision',
      'revision',
      'level',
      'revision',
      'revision',
      'revision',
      'level',
      'revision',
      'revision',
      'revision',
    ]),
    'forecast_horizon': list([
      0,
      0,
      0,
      0,
      0,
      0,
      0,
      0,
      0,
      0,
      0,
      0,
      0,
      0,
      0,
      0,
      0,
      0,
      0,
      0,
      0,
      0,
      0,
      0,
      0,
      0,
      0,
      0,
      0,
      0,
      0,
      0,
      0,
      0,
      0,
      0,
      0,
      0,
      0,
      0,
      0,
      0,
      0,
      0,
      0,
      0,
      0,
      0,
      0,
      0,
      0,
      0,
      0,
      0,
      0,
      0,
      0,
      0,
      0,
      0,
      0,
      0,
      0,
      0,
      0,
      0,
      0,
      0,
      0,
      0,
      0,
      0,
    ]),
    'forecast_metric': list([
      'pop',
      'pop',
      'pop',
      'pop',
      'pop',
      'pop',
      'pop',
      'pop',
      'pop',
      'pop',
      'pop',
      'pop',
      'pop',
      'pop',
      'pop',
      'pop',
      'pop',
      'pop',
      'pop',
      'pop',
      'pop',
      'pop',
      'pop',
      'pop',
      'pop',
      'pop',
      'pop',
      'pop',
      'pop',
      'pop',
      'pop',
      'pop',
      'pop',
      'pop',
      'pop',
      'pop',
      'pop',
      'pop',
      'pop',
      'pop',
      'pop',
      'pop',
      'pop',
      'pop',
      'pop',
      'pop',
      'pop',
      'pop',
      'pop',
      'pop',
      'pop',
      'pop',
      'pop',
      'pop',
      'pop',
      'pop',
      'pop',
      'pop',
      'pop',
      'pop',
      'pop',
      'pop',
      'pop',
      'pop',
      'pop',
      'pop',
      'pop',
      'pop',
      'pop',
      'pop',
      'pop',
      'pop',
    ]),
    'frequency': list([
      'Q',
      'Q',
      'Q',
      'Q',
      'Q',
      'Q',
      'Q',
      'Q',
      'Q',
      'Q',
      'Q',
      'Q',
      'Q',
      'Q',
      'Q',
      'Q',
      'Q',
      'Q',
      'Q',
      'Q',
      'Q',
      'Q',
      'Q',
      'Q',
      'Q',
      'Q',
      'Q',
      'Q',
      'Q',
      'Q',
      'Q',
      'Q',
      'Q',
      'Q',
      'Q',
      'Q',
      'Q',
      'Q',
      'Q',
      'Q',
      'Q',
      'Q',
      'Q',
      'Q',
      'Q',
      'Q',
      'Q',
      'Q',
      'Q',
      'Q',
      'Q',
      'Q',
      'Q',
      'Q',
      'Q',
      'Q',
      'Q',
      'Q',
      'Q',
      'Q',
      'Q',
      'Q',
      'Q',
      'Q',
      'Q',
      'Q',
      'Q',
      'Q',
      'Q',
      'Q',
      'Q',
      'Q',
    ]),
    'news': list([
      nan,
      nan,
      nan,
      nan,
      0.0,
      0.101553,
      0.0,
      nan,
      0.0,
      0.023352,
      0.0,
      nan,
      nan,
      nan,
      nan,
      nan,
      0.0,
      -0.054419,
      0.0,
      nan,
      0.0,
      -0.007239,
      0.0,
      nan,
      nan,
      nan,
      nan,
      -1.74067,
      -0.473742,
      0.473742,
      0.115783,
      0.021006,
      -0.021006,
      nan,
      nan,
      nan,
      nan,
      1.654229,
      0.0,
      -0.450216,
      nan,
      -0.115783,
      0.0,
      0.021006,
      nan,
      nan,
      nan,
      nan,
      nan,
      0.0,
      0.003018,
      0.0,
      nan,
      0.0,
      0.000205,
      0.0,
      nan,
      nan,
      nan,
      nan,
      nan,
      0.0,
      0.016608,
      0.0,
      nan,
      0.0,
      0.005495,
      0.0,
      nan,
      nan,
      nan,
      nan,
    ]),
    'revision_source': list([
      None,
      None,
      None,
      None,
      'news',
      'reestimation',
      'interaction',
      None,
      'news',
      'reestimation',
      'interaction',
      None,
      'news',
      'reestimation',
      'interaction',
      None,
      'news',
      'reestimation',
      'interaction',
      None,
      'news',
      'reestimation',
      'interaction',
      None,
      'news',
      'reestimation',
      'interaction',
      'news',
      'reestimation',
      'interaction',
      'news',
      'reestimation',
      'interaction',
      'news',
      'reestimation',
      'interaction',
      None,
      'news',
      'reestimation',
      'interaction',
      None,
      'news',
      'reestimation',
      'interaction',
      None,
      'news',
      'reestimation',
      'interaction',
      None,
      'news',
      'reestimation',
      'interaction',
      None,
      'news',
      'reestimation',
      'interaction',
      None,
      'news',
      'reestimation',
      'interaction',
      None,
      'news',
      'reestimation',
      'interaction',
      None,
      'news',
      'reestimation',
      'interaction',
      None,
      'news',
      'reestimation',
      'interaction',
    ]),
    'source': list([
      'ForecastMIDAS',
      'ForecastMIDAS',
      'ForecastMIDAS',
      'ForecastMIDAS',
      'ForecastMIDAS',
      'ForecastMIDAS',
      'ForecastMIDAS',
      'ForecastMIDAS',
      'ForecastMIDAS',
      'ForecastMIDAS',
      'ForecastMIDAS',
      'ForecastMIDAS',
      'ForecastMIDAS',
      'ForecastMIDAS',
      'ForecastMIDAS',
      'ForecastMIDAS',
      'ForecastMIDAS',
      'ForecastMIDAS',
      'ForecastMIDAS',
      'ForecastMIDAS',
      'ForecastMIDAS',
      'ForecastMIDAS',
      'ForecastMIDAS',
      'ForecastMIDAS',
      'ForecastMIDAS',
      'ForecastMIDAS',
      'ForecastMIDAS',
      'ForecastMIDAS',
      'ForecastMIDAS',
      'ForecastMIDAS',
      'ForecastMIDAS',
      'ForecastMIDAS',
      'ForecastMIDAS',
      'ForecastMIDAS',
      'ForecastMIDAS',
      'ForecastMIDAS',
      'ForecastMIDAS',
      'ForecastMIDAS',
      'ForecastMIDAS',
      'ForecastMIDAS',
      'ForecastMIDAS',
      'ForecastMIDAS',
      'ForecastMIDAS',
      'ForecastMIDAS',
      'ForecastMIDAS',
      'ForecastMIDAS',
      'ForecastMIDAS',
      'ForecastMIDAS',
      'ForecastMIDAS',
      'ForecastMIDAS',
      'ForecastMIDAS',
      'ForecastMIDAS',
      'ForecastMIDAS',
      'ForecastMIDAS',
      'ForecastMIDAS',
      'ForecastMIDAS',
      'ForecastMIDAS',
      'ForecastMIDAS',
      'ForecastMIDAS',
      'ForecastMIDAS',
      'ForecastMIDAS',
      'ForecastMIDAS',
      'ForecastMIDAS',
      'ForecastMIDAS',
      'ForecastMIDAS',
      'ForecastMIDAS',
      'ForecastMIDAS',
      'ForecastMIDAS',
      'ForecastMIDAS',
      'ForecastMIDAS',
      'ForecastMIDAS',
      'ForecastMIDAS',
    ]),
    'variable': list([
      'var_quarterly_a',
      'var_quarterly_a',
      'var_quarterly_a',
      'var_quarterly_a',
      'var_quarterly_a',
      'var_quarterly_a',
      'var_quarterly_a',
      'var_quarterly_a',
      'var_quarterly_a',
      'var_quarterly_a',
      'var_quarterly_a',
      'var_quarterly_a',
      'var_quarterly_a',
      'var_quarterly_a',
      'var_quarterly_a',
      'var_quarterly_a',
      'var_quarterly_a',
      'var_quarterly_a',
      'var_quarterly_a',
      'var_quarterly_a',
      'var_quarterly_a',
      'var_quarterly_a',
      'var_quarterly_a',
      'var_quarterly_a',
      'var_quarterly_a',
      'var_quarterly_a',
      'var_quarterly_a',
      'var_quarterly_a',
      'var_quarterly_a',
      'var_quarterly_a',
      'var_quarterly_a',
      'var_quarterly_a',
      'var_quarterly_a',
      'var_quarterly_a',
      'var_quarterly_a',
      'var_quarterly_a',
      'var_quarterly_a',
      'var_quarterly_a',
      'var_quarterly_a',
      'var_quarterly_a',
      'var_quarterly_a',
      'var_quarterly_a',
      'var_quarterly_a',
      'var_quarterly_a',
      'var_quarterly_a',
      'var_quarterly_a',
      'var_quarterly_a',
      'var_quarterly_a',
      'var_quarterly_a',
      'var_quarterly_a',
      'var_quarterly_a',
      'var_quarterly_a',
      'var_quarterly_a',
      'var_quarterly_a',
      'var_quarterly_a',
      'var_quarterly_a',
      'var_quarterly_a',
      'var_quarterly_a',
      'var_quarterly_a',
      'var_quarterly_a',
      'var_quarterly_a',
      'var_quarterly_a',
      'var_quarterly_a',
      'var_quarterly_a',
      'var_quarterly_a',
      'var_quarterly_a',
      'var_quarterly_a',
      'var_quarterly_a',
      'var_quarterly_a',
      'var_quarterly_a',
      'var_quarterly_a',
      'var_quarterly_a',
    ]),
    'vintage_date': list([
      Timestamp('2024-01-31 00:00:00'),
      Timestamp('2024-01-31 00:00:00'),
      Timestamp('2024-01-31 00:00:00'),
      Timestamp('2024-02-29 00:00:00'),
      Timestamp('2024-02-29 00:00:00'),
      Timestamp('2024-02-29 00:00:00'),
      Timestamp('2024-02-29 00:00:00'),
      Timestamp('2024-02-29 00:00:00'),
      Timestamp('2024-02-29 00:00:00'),
      Timestamp('2024-02-29 00:00:00'),
      Timestamp('2024-02-29 00:00:00'),
      Timestamp('2024-02-29 00:00:00'),
      Timestamp('2024-02-29 00:00:00'),
      Timestamp('2024-02-29 00:00:00'),
      Timestamp('2024-02-29 00:00:00'),
      Timestamp('2024-03-31 00:00:00'),
      Timestamp('2024-03-31 00:00:00'),
      Timestamp('2024-03-31 00:00:00'),
      Timestamp('2024-03-31 00:00:00'),
      Timestamp('2024-03-31 00:00:00'),
      Timestamp('2024-03-31 00:00:00'),
      Timestamp('2024-03-31 00:00:00'),
      Timestamp('2024-03-31 00:00:00'),
      Timestamp('2024-03-31 00:00:00'),
      Timestamp('2024-03-31 00:00:00'),
      Timestamp('2024-03-31 00:00:00'),
      Timestamp('2024-03-31 00:00:00'),
      Timestamp('2024-04-30 00:00:00'),
      Timestamp('2024-04-30 00:00:00'),
      Timestamp('2024-04-30 00:00:00'),
      Timestamp('2024-04-30 00:00:00'),
      Timestamp('2024-04-30 00:00:00'),
      Timestamp('2024-04-30 00:00:00'),
      Timestamp('2024-04-30 00:00:00'),
      Timestamp('2024-04-30 00:00:00'),
      Timestamp('2024-04-30 00:00:00'),
      Timestamp('2024-04-30 00:00:00'),
      Timestamp('2024-04-30 00:00:00'),
      Timestamp('2024-04-30 00:00:00'),
      Timestamp('2024-04-30 00:00:00'),
      Timestamp('2024-04-30 00:00:00'),
      Timestamp('2024-04-30 00:00:00'),
      Timestamp('2024-04-30 00:00:00'),
      Timestamp('2024-04-30 00:00:00'),
      Timestamp('2024-04-30 00:00:00'),
      Timestamp('2024-04-30 00:00:00'),
      Timestamp('2024-04-30 00:00:00'),
      Timestamp('2024-04-30 00:00:00'),
      Timestamp('2024-05-31 00:00:00'),
      Timestamp('2024-05-31 00:00:00'),
      Timestamp('2024-05-31 00:00:00'),
      Timestamp('2024-05-31 00:00:00'),
      Timestamp('2024-05-31 00:00:00'),
      Timestamp('2024-05-31 00:00:00'),
      Timestamp('2024-05-31 00:00:00'),
      Timestamp('2024-05-31 00:00:00'),
      Timestamp('2024-05-31 00:00:00'),
      Timestamp('2024-05-31 00:00:00'),
      Timestamp('2024-05-31 00:00:00'),
      Timestamp('2024-05-31 00:00:00'),
      Timestamp('2024-06-30 00:00:00'),
      Timestamp('2024-06-30 00:00:00'),
      Timestamp('2024-06-30 00:00:00'),
      Timestamp('2024-06-30 00:00:00'),
      Timestamp('2024-06-30 00:00:00'),
      Timestamp('2024-06-30 00:00:00'),
      Timestamp('2024-06-30 00:00:00'),
      Timestamp('2024-06-30 00:00:00'),
      Timestamp('2024-06-30 00:00:00'),
      Timestamp('2024-06-30 00:00:00'),
      Timestamp('2024-06-30 00:00:00'),
      Timestamp('2024-06-30 00:00:00'),
    ]),
    'weight': list([
      0.34243,
      1.0,
      nan,
      0.363646,
      0.363646,
      0.363646,
      0.363646,
      1.0,
      1.0,
      1.0,
      1.0,
      nan,
      nan,
      nan,
      nan,
      0.352622,
      0.352622,
      0.352622,
      0.352622,
      1.0,
      1.0,
      1.0,
      1.0,
      nan,
      nan,
      nan,
      nan,
      0.352622,
      0.352622,
      0.352622,
      1.0,
      1.0,
      1.0,
      nan,
      nan,
      nan,
      0.371048,
      0.371048,
      0.371048,
      0.371048,
      1.0,
      1.0,
      1.0,
      1.0,
      nan,
      nan,
      nan,
      nan,
      0.37198,
      0.37198,
      0.37198,
      0.37198,
      1.0,
      1.0,
      1.0,
      1.0,
      nan,
      nan,
      nan,
      nan,
      0.377183,
      0.377183,
      0.377183,
      0.377183,
      1.0,
      1.0,
      1.0,
      1.0,
      nan,
      nan,
      nan,
      nan,
    ]),
  })
# ---
