# serializer version: 1
# name: test_bvar_conditional_snapshot
  dict({
    'date': list([
      Timestamp('2023-09-30 00:00:00'),
      Timestamp('2023-12-31 00:00:00'),
      Timestamp('2024-03-31 00:00:00'),
      Timestamp('2024-06-30 00:00:00'),
      Timestamp('2024-09-30 00:00:00'),
      Timestamp('2024-12-31 00:00:00'),
      Timestamp('2025-03-31 00:00:00'),
      Timestamp('2025-06-30 00:00:00'),
      Timestamp('2025-09-30 00:00:00'),
      Timestamp('2025-12-31 00:00:00'),
      Timestamp('2026-03-31 00:00:00'),
      Timestamp('2026-06-30 00:00:00'),
      Timestamp('2026-09-30 00:00:00'),
      Timestamp('2026-12-31 00:00:00'),
      Timestamp('2024-03-31 00:00:00'),
      Timestamp('2024-06-30 00:00:00'),
      Timestamp('2024-09-30 00:00:00'),
      Timestamp('2024-12-31 00:00:00'),
      Timestamp('2025-03-31 00:00:00'),
      Timestamp('2025-06-30 00:00:00'),
      Timestamp('2025-09-30 00:00:00'),
      Timestamp('2025-12-31 00:00:00'),
      Timestamp('2026-03-31 00:00:00'),
      Timestamp('2026-06-30 00:00:00'),
      Timestamp('2026-09-30 00:00:00'),
      Timestamp('2026-12-31 00:00:00'),
      Timestamp('2023-12-31 00:00:00'),
      Timestamp('2024-03-31 00:00:00'),
      Timestamp('2024-06-30 00:00:00'),
      Timestamp('2024-09-30 00:00:00'),
      Timestamp('2024-12-31 00:00:00'),
      Timestamp('2025-03-31 00:00:00'),
      Timestamp('2025-06-30 00:00:00'),
      Timestamp('2025-09-30 00:00:00'),
      Timestamp('2025-12-31 00:00:00'),
      Timestamp('2026-03-31 00:00:00'),
      Timestamp('2026-06-30 00:00:00'),
      Timestamp('2026-09-30 00:00:00'),
      Timestamp('2026-12-31 00:00:00'),
    ]),
    'forecast_horizon': list([
      0,
      1,
      2,
      3,
      4,
      5,
      6,
      7,
      8,
      9,
      10,
      11,
      12,
      13,
      2,
      3,
      4,
      5,
      6,
      7,
      8,
      9,
      10,
      11,
      12,
      13,
      1,
      2,
      3,
      4,
      5,
      6,
      7,
      8,
      9,
      10,
      11,
      12,
      13,
    ]),
    'frequency': list([
      'Q',
      'Q',
      'Q',
      'Q',
      'Q',
      'Q',
      'Q',
      'Q',
      'Q',
      'Q',
      'Q',
      'Q',
      'Q',
      'Q',
      'Q',
      'Q',
      'Q',
      'Q',
      'Q',
      'Q',
      'Q',
      'Q',
      'Q',
      'Q',
      'Q',
      'Q',
      'Q',
      'Q',
      'Q',
      'Q',
      'Q',
      'Q',
      'Q',
      'Q',
      'Q',
      'Q',
      'Q',
      'Q',
      'Q',
    ]),
    'metric': list([
      'pop',
      'pop',
      'pop',
      'pop',
      'pop',
      'pop',
      'pop',
      'pop',
      'pop',
      'pop',
      'pop',
      'pop',
      'pop',
      'pop',
      'pop',
      'pop',
      'pop',
      'pop',
      'pop',
      'pop',
      'pop',
      'pop',
      'pop',
      'pop',
      'pop',
      'pop',
      'pop',
      'pop',
      'pop',
      'pop',
      'pop',
      'pop',
      'pop',
      'pop',
      'pop',
      'pop',
      'pop',
      'pop',
      'pop',
    ]),
    'source': list([
      'ForecastBVAR',
      'ForecastBVAR',
      'ForecastBVAR',
      'ForecastBVAR',
      'ForecastBVAR',
      'ForecastBVAR',
      'ForecastBVAR',
      'ForecastBVAR',
      'ForecastBVAR',
      'ForecastBVAR',
      'ForecastBVAR',
      'ForecastBVAR',
      'ForecastBVAR',
      'ForecastBVAR',
      'ForecastBVAR',
      'ForecastBVAR',
      'ForecastBVAR',
      'ForecastBVAR',
      'ForecastBVAR',
      'ForecastBVAR',
      'ForecastBVAR',
      'ForecastBVAR',
      'ForecastBVAR',
      'ForecastBVAR',
      'ForecastBVAR',
      'ForecastBVAR',
      'ForecastBVAR',
      'ForecastBVAR',
      'ForecastBVAR',
      'ForecastBVAR',
      'ForecastBVAR',
      'ForecastBVAR',
      'ForecastBVAR',
      'ForecastBVAR',
      'ForecastBVAR',
      'ForecastBVAR',
      'ForecastBVAR',
      'ForecastBVAR',
      'ForecastBVAR',
    ]),
    'target_minus_vintage': list([
      -2,
      -1,
      0,
      1,
      2,
      3,
      4,
      5,
      6,
      7,
      8,
      9,
      10,
      11,
      0,
      1,
      2,
      3,
      4,
      5,
      6,
      7,
      8,
      9,
      10,
      11,
      -1,
      0,
      1,
      2,
      3,
      4,
      5,
      6,
      7,
      8,
      9,
      10,
      11,
    ]),
    'unique_id': list([
      'ForecastBVAR',
      'ForecastBVAR',
      'ForecastBVAR',
      'ForecastBVAR',
      'ForecastBVAR',
      'ForecastBVAR',
      'ForecastBVAR',
      'ForecastBVAR',
      'ForecastBVAR',
      'ForecastBVAR',
      'ForecastBVAR',
      'ForecastBVAR',
      'ForecastBVAR',
      'ForecastBVAR',
      'ForecastBVAR',
      'ForecastBVAR',
      'ForecastBVAR',
      'ForecastBVAR',
      'ForecastBVAR',
      'ForecastBVAR',
      'ForecastBVAR',
      'ForecastBVAR',
      'ForecastBVAR',
      'ForecastBVAR',
      'ForecastBVAR',
      'ForecastBVAR',
      'ForecastBVAR',
      'ForecastBVAR',
      'ForecastBVAR',
      'ForecastBVAR',
      'ForecastBVAR',
      'ForecastBVAR',
      'ForecastBVAR',
      'ForecastBVAR',
      'ForecastBVAR',
      'ForecastBVAR',
      'ForecastBVAR',
      'ForecastBVAR',
      'ForecastBVAR',
    ]),
    'value': list([
      -2.041518,
      -2.070494,
      -0.114876,
      0.401361,
      0.280893,
      0.200306,
      0.218799,
      0.249201,
      0.252076,
      0.242096,
      0.234967,
      0.206949,
      0.149228,
      0.061965,
      0.602675,
      0.602675,
      0.602675,
      0.602675,
      0.602675,
      0.602675,
      0.602675,
      0.602675,
      0.602675,
      0.602675,
      0.602675,
      0.602675,
      -1.111407,
      -0.259255,
      0.365263,
      0.501242,
      0.433062,
      0.401174,
      0.417565,
      0.425631,
      0.424143,
      0.429279,
      0.432311,
      0.415367,
      0.363055,
    ]),
    'variable': list([
      'var_quarterly_a',
      'var_quarterly_a',
      'var_quarterly_a',
      'var_quarterly_a',
      'var_quarterly_a',
      'var_quarterly_a',
      'var_quarterly_a',
      'var_quarterly_a',
      'var_quarterly_a',
      'var_quarterly_a',
      'var_quarterly_a',
      'var_quarterly_a',
      'var_quarterly_a',
      'var_quarterly_a',
      'var_quarterly_b',
      'var_quarterly_b',
      'var_quarterly_b',
      'var_quarterly_b',
      'var_quarterly_b',
      'var_quarterly_b',
      'var_quarterly_b',
      'var_quarterly_b',
      'var_quarterly_b',
      'var_quarterly_b',
      'var_quarterly_b',
      'var_quarterly_b',
      'var_quarterly_c',
      'var_quarterly_c',
      'var_quarterly_c',
      'var_quarterly_c',
      'var_quarterly_c',
      'var_quarterly_c',
      'var_quarterly_c',
      'var_quarterly_c',
      'var_quarterly_c',
      'var_quarterly_c',
      'var_quarterly_c',
      'var_quarterly_c',
      'var_quarterly_c',
    ]),
    'vintage_date': list([
      Timestamp('2024-01-31 00:00:00'),
      Timestamp('2024-01-31 00:00:00'),
      Timestamp('2024-01-31 00:00:00'),
      Timestamp('2024-01-31 00:00:00'),
      Timestamp('2024-01-31 00:00:00'),
      Timestamp('2024-01-31 00:00:00'),
      Timestamp('2024-01-31 00:00:00'),
      Timestamp('2024-01-31 00:00:00'),
      Timestamp('2024-01-31 00:00:00'),
      Timestamp('2024-01-31 00:00:00'),
      Timestamp('2024-01-31 00:00:00'),
      Timestamp('2024-01-31 00:00:00'),
      Timestamp('2024-01-31 00:00:00'),
      Timestamp('2024-01-31 00:00:00'),
      Timestamp('2024-01-31 00:00:00'),
      Timestamp('2024-01-31 00:00:00'),
      Timestamp('2024-01-31 00:00:00'),
      Timestamp('2024-01-31 00:00:00'),
      Timestamp('2024-01-31 00:00:00'),
      Timestamp('2024-01-31 00:00:00'),
      Timestamp('2024-01-31 00:00:00'),
      Timestamp('2024-01-31 00:00:00'),
      Timestamp('2024-01-31 00:00:00'),
      Timestamp('2024-01-31 00:00:00'),
      Timestamp('2024-01-31 00:00:00'),
      Timestamp('2024-01-31 00:00:00'),
      Timestamp('2024-01-31 00:00:00'),
      Timestamp('2024-01-31 00:00:00'),
      Timestamp('2024-01-31 00:00:00'),
      Timestamp('2024-01-31 00:00:00'),
      Timestamp('2024-01-31 00:00:00'),
      Timestamp('2024-01-31 00:00:00'),
      Timestamp('2024-01-31 00:00:00'),
      Timestamp('2024-01-31 00:00:00'),
      Timestamp('2024-01-31 00:00:00'),
      Timestamp('2024-01-31 00:00:00'),
      Timestamp('2024-01-31 00:00:00'),
      Timestamp('2024-01-31 00:00:00'),
      Timestamp('2024-01-31 00:00:00'),
    ]),
  })
# ---
